Archive member included to satisfy reference by file (symbol)

e:/qmk_msys/mingw64/bin/../lib/gcc/avr/8.5.0/avr5\libgcc.a(_exit.o)
                              e:/qmk_msys/mingw64/bin/../lib/gcc/avr/8.5.0/../../../../avr/lib/avr5/crtatmega32u4.o (exit)
e:/qmk_msys/mingw64/bin/../lib/gcc/avr/8.5.0/../../../../avr/lib/avr5\libc.a(rand.o)
                              .build/obj_hineybush_h88_default/quantum/rgblight/rgblight.o (symbol from plugin) (rand)
e:/qmk_msys/mingw64/bin/../lib/gcc/avr/8.5.0/../../../../avr/lib/avr5\libatmega32u4.a(eerd_byte.o)
                              .build/obj_hineybush_h88_default/quantum/eeconfig.o (symbol from plugin) (eeprom_read_byte)
e:/qmk_msys/mingw64/bin/../lib/gcc/avr/8.5.0/../../../../avr/lib/avr5\libatmega32u4.a(eerd_dword.o)
                              .build/obj_hineybush_h88_default/quantum/eeconfig.o (symbol from plugin) (eeprom_read_dword)
e:/qmk_msys/mingw64/bin/../lib/gcc/avr/8.5.0/../../../../avr/lib/avr5\libatmega32u4.a(eerd_word.o)
                              .build/obj_hineybush_h88_default/quantum/eeconfig.o (symbol from plugin) (eeprom_read_word)
e:/qmk_msys/mingw64/bin/../lib/gcc/avr/8.5.0/../../../../avr/lib/avr5\libatmega32u4.a(eeupd_byte.o)
                              .build/obj_hineybush_h88_default/quantum/eeconfig.o (symbol from plugin) (eeprom_update_byte)
e:/qmk_msys/mingw64/bin/../lib/gcc/avr/8.5.0/../../../../avr/lib/avr5\libatmega32u4.a(eeupd_dword.o)
                              .build/obj_hineybush_h88_default/quantum/eeconfig.o (symbol from plugin) (eeprom_update_dword)
e:/qmk_msys/mingw64/bin/../lib/gcc/avr/8.5.0/../../../../avr/lib/avr5\libatmega32u4.a(eeupd_word.o)
                              .build/obj_hineybush_h88_default/quantum/eeconfig.o (symbol from plugin) (eeprom_update_word)
e:/qmk_msys/mingw64/bin/../lib/gcc/avr/8.5.0/../../../../avr/lib/avr5\libatmega32u4.a(eerd_block.o)
                              e:/qmk_msys/mingw64/bin/../lib/gcc/avr/8.5.0/../../../../avr/lib/avr5\libatmega32u4.a(eerd_dword.o) (eeprom_read_blraw)
e:/qmk_msys/mingw64/bin/../lib/gcc/avr/8.5.0/avr5\libgcc.a(_divmodsi4.o)
                              e:/qmk_msys/mingw64/bin/../lib/gcc/avr/8.5.0/../../../../avr/lib/avr5\libc.a(rand.o) (__divmodsi4)
e:/qmk_msys/mingw64/bin/../lib/gcc/avr/8.5.0/avr5\libgcc.a(_negsi2.o)
                              e:/qmk_msys/mingw64/bin/../lib/gcc/avr/8.5.0/avr5\libgcc.a(_divmodsi4.o) (__negsi2)
e:/qmk_msys/mingw64/bin/../lib/gcc/avr/8.5.0/avr5\libgcc.a(_copy_data.o)
                              e:/qmk_msys/mingw64/bin/../lib/gcc/avr/8.5.0/../../../../avr/lib/avr5\libc.a(rand.o) (__do_copy_data)
e:/qmk_msys/mingw64/bin/../lib/gcc/avr/8.5.0/avr5\libgcc.a(_muluhisi3.o)
                              e:/qmk_msys/mingw64/bin/../lib/gcc/avr/8.5.0/../../../../avr/lib/avr5\libc.a(rand.o) (__muluhisi3)
e:/qmk_msys/mingw64/bin/../lib/gcc/avr/8.5.0/avr5\libgcc.a(_mulshisi3.o)
                              e:/qmk_msys/mingw64/bin/../lib/gcc/avr/8.5.0/../../../../avr/lib/avr5\libc.a(rand.o) (__mulohisi3)
e:/qmk_msys/mingw64/bin/../lib/gcc/avr/8.5.0/avr5\libgcc.a(_udivmodsi4.o)
                              e:/qmk_msys/mingw64/bin/../lib/gcc/avr/8.5.0/avr5\libgcc.a(_divmodsi4.o) (__udivmodsi4)
e:/qmk_msys/mingw64/bin/../lib/gcc/avr/8.5.0/avr5\libgcc.a(_umulhisi3.o)
                              e:/qmk_msys/mingw64/bin/../lib/gcc/avr/8.5.0/avr5\libgcc.a(_muluhisi3.o) (__umulhisi3)
e:/qmk_msys/mingw64/bin/../lib/gcc/avr/8.5.0/avr5\libgcc.a(_mulsi3.o)
                              C:\Users\Pyry\AppData\Local\Temp\ccI0OIRq.ltrans0.ltrans.o (__mulsi3)
e:/qmk_msys/mingw64/bin/../lib/gcc/avr/8.5.0/avr5\libgcc.a(_udivmodqi4.o)
                              C:\Users\Pyry\AppData\Local\Temp\ccI0OIRq.ltrans0.ltrans.o (__udivmodqi4)
e:/qmk_msys/mingw64/bin/../lib/gcc/avr/8.5.0/avr5\libgcc.a(_divmodqi4.o)
                              C:\Users\Pyry\AppData\Local\Temp\ccI0OIRq.ltrans0.ltrans.o (__divmodqi4)
e:/qmk_msys/mingw64/bin/../lib/gcc/avr/8.5.0/avr5\libgcc.a(_udivmodhi4.o)
                              C:\Users\Pyry\AppData\Local\Temp\ccI0OIRq.ltrans0.ltrans.o (__udivmodhi4)
e:/qmk_msys/mingw64/bin/../lib/gcc/avr/8.5.0/avr5\libgcc.a(_divmodhi4.o)
                              C:\Users\Pyry\AppData\Local\Temp\ccI0OIRq.ltrans0.ltrans.o (__divmodhi4)
e:/qmk_msys/mingw64/bin/../lib/gcc/avr/8.5.0/avr5\libgcc.a(_tablejump2.o)
                              C:\Users\Pyry\AppData\Local\Temp\ccI0OIRq.ltrans0.ltrans.o (__tablejump2__)
e:/qmk_msys/mingw64/bin/../lib/gcc/avr/8.5.0/avr5\libgcc.a(_clear_bss.o)
                              C:\Users\Pyry\AppData\Local\Temp\ccI0OIRq.ltrans0.ltrans.o (__do_clear_bss)
e:/qmk_msys/mingw64/bin/../lib/gcc/avr/8.5.0/avr5\libgcc.a(_mulhisi3.o)
                              C:\Users\Pyry\AppData\Local\Temp\ccI0OIRq.ltrans0.ltrans.o (__mulhisi3)
e:/qmk_msys/mingw64/bin/../lib/gcc/avr/8.5.0/avr5\libgcc.a(_usmulhisi3.o)
[...]
Memory Configuration

Name             Origin             Length             Attributes
text             0x0000000000000000 0x0000000000020000 xr
data             0x0000000000800060 0x000000000000ffa0 rw !x
eeprom           0x0000000000810000 0x0000000000010000 rw !x
fuse             0x0000000000820000 0x0000000000000003 rw !x
lock             0x0000000000830000 0x0000000000000400 rw !x
signature        0x0000000000840000 0x0000000000000400 rw !x
user_signatures  0x0000000000850000 0x0000000000000400 rw !x
*default*        0x0000000000000000 0xffffffffffffffff

Linker script and memory map

Address of section .data set to 0x800100
LOAD e:/qmk_msys/mingw64/bin/../lib/gcc/avr/8.5.0/../../../../avr/lib/avr5/crtatmega32u4.o
LOAD .build/obj_hineybush_h88_default/keyboards/hineybush/h88/h88.o
LOAD C:\Users\Pyry\AppData\Local\Temp\cc4zQykbdebugobj
LOAD C:\Users\Pyry\AppData\Local\Temp\ccI0OIRq.ltrans0.ltrans.o
LOAD .build/obj_hineybush_h88_default/.build/obj_hineybush_h88/src/default_keyboard.o
LOAD .build/obj_hineybush_h88_default/quantum/keymap_introspection.o
LOAD .build/obj_hineybush_h88_default/quantum/quantum.o
LOAD .build/obj_hineybush_h88_default/quantum/bitwise.o
LOAD .build/obj_hineybush_h88_default/quantum/led.o
LOAD .build/obj_hineybush_h88_default/quantum/action.o
LOAD .build/obj_hineybush_h88_default/quantum/action_layer.o
LOAD .build/obj_hineybush_h88_default/quantum/action_tapping.o
LOAD .build/obj_hineybush_h88_default/quantum/action_util.o
LOAD .build/obj_hineybush_h88_default/quantum/eeconfig.o
LOAD .build/obj_hineybush_h88_default/quantum/keyboard.o
LOAD .build/obj_hineybush_h88_default/quantum/keymap_common.o
LOAD .build/obj_hineybush_h88_default/quantum/keycode_config.o
LOAD .build/obj_hineybush_h88_default/quantum/sync_timer.o
LOAD .build/obj_hineybush_h88_default/quantum/logging/debug.o
LOAD .build/obj_hineybush_h88_default/quantum/logging/sendchar.o
LOAD .build/obj_hineybush_h88_default/quantum/bootmagic/bootmagic_lite.o
LOAD .build/obj_hineybush_h88_default/quantum/bootmagic/magic.o
LOAD .build/obj_hineybush_h88_default/quantum/matrix_common.o
LOAD .build/obj_hineybush_h88_default/quantum/matrix.o
LOAD .build/obj_hineybush_h88_default/quantum/debounce/sym_defer_g.o
LOAD .build/obj_hineybush_h88_default/quantum/main.o
LOAD .build/obj_hineybush_h88_default/quantum/mousekey.o
LOAD .build/obj_hineybush_h88_default/quantum/color.o
LOAD .build/obj_hineybush_h88_default/quantum/rgblight/rgblight.o
LOAD .build/obj_hineybush_h88_default/quantum/process_keycode/process_rgb.o
LOAD .build/obj_hineybush_h88_default/quantum/backlight/backlight.o
LOAD .build/obj_hineybush_h88_default/quantum/process_keycode/process_backlight.o
LOAD .build/obj_hineybush_h88_default/quantum/backlight/backlight_driver_common.o
LOAD .build/obj_hineybush_h88_default/quantum/backlight/backlight_avr.o
LOAD .build/obj_hineybush_h88_default/ws2812.o
LOAD .build/obj_hineybush_h88_default/quantum/led_tables.o
LOAD .build/obj_hineybush_h88_default/quantum/process_keycode/process_magic.o
LOAD .build/obj_hineybush_h88_default/quantum/send_string/send_string.o
LOAD .build/obj_hineybush_h88_default/quantum/process_keycode/process_grave_esc.o
LOAD .build/obj_hineybush_h88_default/quantum/process_keycode/process_space_cadet.o
LOAD .build/obj_hineybush_h88_default/platforms/avr/xprintf.o
LOAD .build/obj_hineybush_h88_default/platforms/avr/printf.o
LOAD .build/obj_hineybush_h88_default/protocol/host.o
LOAD .build/obj_hineybush_h88_default/protocol/report.o
LOAD .build/obj_hineybush_h88_default/protocol/usb_device_state.o
LOAD .build/obj_hineybush_h88_default/protocol/usb_util.o
LOAD .build/obj_hineybush_h88_default/platforms/suspend.o
LOAD .build/obj_hineybush_h88_default/platforms/avr/hardware_id.o
LOAD .build/obj_hineybush_h88_default/platforms/avr/platform.o
LOAD .build/obj_hineybush_h88_default/platforms/avr/suspend.o
LOAD .build/obj_hineybush_h88_default/platforms/avr/timer.o
LOAD .build/obj_hineybush_h88_default/platforms/avr/bootloaders/dfu.o
LOAD .build/obj_hineybush_h88_default/lufa.o
LOAD .build/obj_hineybush_h88_default/usb_descriptor.o
LOAD .build/obj_hineybush_h88_default/lib/lufa/LUFA/Drivers/USB/Class/Common/HIDParser.o
LOAD .build/obj_hineybush_h88_default/lib/lufa/LUFA/Drivers/USB/Core/AVR8/Device_AVR8.o
LOAD .build/obj_hineybush_h88_default/lib/lufa/LUFA/Drivers/USB/Core/AVR8/EndpointStream_AVR8.o
LOAD .build/obj_hineybush_h88_default/lib/lufa/LUFA/Drivers/USB/Core/AVR8/Endpoint_AVR8.o
LOAD .build/obj_hineybush_h88_default/lib/lufa/LUFA/Drivers/USB/Core/AVR8/Host_AVR8.o
LOAD .build/obj_hineybush_h88_default/lib/lufa/LUFA/Drivers/USB/Core/AVR8/PipeStream_AVR8.o
LOAD .build/obj_hineybush_h88_default/lib/lufa/LUFA/Drivers/USB/Core/AVR8/Pipe_AVR8.o
LOAD .build/obj_hineybush_h88_default/lib/lufa/LUFA/Drivers/USB/Core/AVR8/USBController_AVR8.o
LOAD .build/obj_hineybush_h88_default/lib/lufa/LUFA/Drivers/USB/Core/AVR8/USBInterrupt_AVR8.o
LOAD .build/obj_hineybush_h88_default/lib/lufa/LUFA/Drivers/USB/Core/ConfigDescriptors.o
LOAD .build/obj_hineybush_h88_default/lib/lufa/LUFA/Drivers/USB/Core/DeviceStandardReq.o
LOAD .build/obj_hineybush_h88_default/lib/lufa/LUFA/Drivers/USB/Core/Events.o
LOAD .build/obj_hineybush_h88_default/lib/lufa/LUFA/Drivers/USB/Core/HostStandardReq.o
LOAD .build/obj_hineybush_h88_default/lib/lufa/LUFA/Drivers/USB/Core/USBTask.o
LOAD .build/obj_hineybush_h88_default/protocol/lufa/usb_util.o
LOAD e:/qmk_msys/mingw64/bin/../lib/gcc/avr/8.5.0/../../../../avr/lib/avr5\libm.a
START GROUP
LOAD e:/qmk_msys/mingw64/bin/../lib/gcc/avr/8.5.0/avr5\libgcc.a
LOAD e:/qmk_msys/mingw64/bin/../lib/gcc/avr/8.5.0/../../../../avr/lib/avr5\libm.a
LOAD e:/qmk_msys/mingw64/bin/../lib/gcc/avr/8.5.0/../../../../avr/lib/avr5\libc.a
LOAD e:/qmk_msys/mingw64/bin/../lib/gcc/avr/8.5.0/../../../../avr/lib/avr5\libatmega32u4.a
END GROUP
                0x0000000000020000                __TEXT_REGION_LENGTH__ = DEFINED (__TEXT_REGION_LENGTH__)?__TEXT_REGION_LENGTH__:0x20000
                0x000000000000ffa0                __DATA_REGION_LENGTH__ = DEFINED (__DATA_REGION_LENGTH__)?__DATA_REGION_LENGTH__:0xffa0
                0x0000000000010000                __EEPROM_REGION_LENGTH__ = DEFINED (__EEPROM_REGION_LENGTH__)?__EEPROM_REGION_LENGTH__:0x10000
                [0x0000000000000003]                __FUSE_REGION_LENGTH__ = DEFINED (__FUSE_REGION_LENGTH__)?__FUSE_REGION_LENGTH__:0x400
                0x0000000000000400                __LOCK_REGION_LENGTH__ = DEFINED (__LOCK_REGION_LENGTH__)?__LOCK_REGION_LENGTH__:0x400
                0x0000000000000400                __SIGNATURE_REGION_LENGTH__ = DEFINED (__SIGNATURE_REGION_LENGTH__)?__SIGNATURE_REGION_LENGTH__:0x400
                0x0000000000000400                __USER_SIGNATURE_REGION_LENGTH__ = DEFINED (__USER_SIGNATURE_REGION_LENGTH__)?__USER_SIGNATURE_REGION_LENGTH__:0x400

.hash
 *(.hash)

.dynsym
 *(.dynsym)

.dynstr
 *(.dynstr)

.gnu.version
 *(.gnu.version)

.gnu.version_d
 *(.gnu.version_d)

.gnu.version_r
 *(.gnu.version_r)

.rel.init
 *(.rel.init)

.rela.init
 *(.rela.init)

.rel.text
 *(.rel.text)
 *(.rel.text.*)
 *(.rel.gnu.linkonce.t*)

.rela.text
 *(.rela.text)
 *(.rela.text.*)
 *(.rela.gnu.linkonce.t*)

.rel.fini
 *(.rel.fini)

.rela.fini
 *(.rela.fini)

.rel.rodata
 *(.rel.rodata)
 *(.rel.rodata.*)
 *(.rel.gnu.linkonce.r*)

.rela.rodata
 *(.rela.rodata)
 *(.rela.rodata.*)
 *(.rela.gnu.linkonce.r*)

.rel.data
 *(.rel.data)
 *(.rel.data.*)
 *(.rel.gnu.linkonce.d*)

.rela.data
 *(.rela.data)
 *(.rela.data.*)
 *(.rela.gnu.linkonce.d*)

.rel.ctors
 *(.rel.ctors)

.rela.ctors
 *(.rela.ctors)

.rel.dtors
 *(.rel.dtors)

.rela.dtors
 *(.rela.dtors)

.rel.got
 *(.rel.got)

.rela.got
 *(.rela.got)

.rel.bss
 *(.rel.bss)

.rela.bss
 *(.rela.bss)

.rel.plt
 *(.rel.plt)

.rela.plt
 *(.rela.plt)

.text           0x0000000000000000     0x493c
 *(.vectors)
 .vectors       0x0000000000000000       0xac e:/qmk_msys/mingw64/bin/../lib/gcc/avr/8.5.0/../../../../avr/lib/avr5/crtatmega32u4.o
                0x0000000000000000                __vector_default
                0x0000000000000000                __vectors
 *(.vectors)
 *(.progmem.gcc*)
                0x00000000000000ac                . = ALIGN (0x2)
                0x00000000000000ac                __trampolines_start = .
 *(.trampolines)
 .trampolines   0x00000000000000ac        0x0 linker stubs
 *(.trampolines*)
                0x00000000000000ac                __trampolines_end = .
 *libprintf_flt.a:*(.progmem.data)
 *libc.a:*(.progmem.data)
 *(.progmem.*)
 .progmem.data.keymaps
                0x00000000000000ac      0x1b0 C:\Users\Pyry\AppData\Local\Temp\ccI0OIRq.ltrans0.ltrans.o
 .progmem.data.RGBLED_TWINKLE_INTERVALS
                0x000000000000025c        0x3 C:\Users\Pyry\AppData\Local\Temp\ccI0OIRq.ltrans0.ltrans.o
 .progmem.data.RGBLED_RGBTEST_INTERVALS
                0x000000000000025f        0x2 C:\Users\Pyry\AppData\Local\Temp\ccI0OIRq.ltrans0.ltrans.o
 .progmem.data.RGBLED_KNIGHT_INTERVALS
                0x0000000000000261        0x3 C:\Users\Pyry\AppData\Local\Temp\ccI0OIRq.ltrans0.ltrans.o
 .progmem.data.RGBLED_SNAKE_INTERVALS
                0x0000000000000264        0x3 C:\Users\Pyry\AppData\Local\Temp\ccI0OIRq.ltrans0.ltrans.o
 .progmem.data.RGBLED_RAINBOW_SWIRL_INTERVALS
                0x0000000000000267        0x3 C:\Users\Pyry\AppData\Local\Temp\ccI0OIRq.ltrans0.ltrans.o
 .progmem.data.RGBLED_RAINBOW_MOOD_INTERVALS
                0x000000000000026a        0x3 C:\Users\Pyry\AppData\Local\Temp\ccI0OIRq.ltrans0.ltrans.o
 .progmem.data.RGBLED_BREATHING_INTERVALS
                0x000000000000026d        0x4 C:\Users\Pyry\AppData\Local\Temp\ccI0OIRq.ltrans0.ltrans.o
 .progmem.data.CIE1931_CURVE
                0x0000000000000271      0x100 C:\Users\Pyry\AppData\Local\Temp\ccI0OIRq.ltrans0.ltrans.o
 .progmem.data.RGBLED_GRADIENT_RANGES
                0x0000000000000371        0x5 C:\Users\Pyry\AppData\Local\Temp\ccI0OIRq.ltrans0.ltrans.o
 .progmem.data.rgblight_effect_breathe_table
                0x0000000000000376      0x100 C:\Users\Pyry\AppData\Local\Temp\ccI0OIRq.ltrans0.ltrans.o
 .progmem.data.SharedReport
                0x0000000000000476       0x7b C:\Users\Pyry\AppData\Local\Temp\ccI0OIRq.ltrans0.ltrans.o
 .progmem.data.KeyboardReport
                0x00000000000004f1       0x40 C:\Users\Pyry\AppData\Local\Temp\ccI0OIRq.ltrans0.ltrans.o
 .progmem.data.ConfigurationDescriptor
                0x0000000000000531       0x3b C:\Users\Pyry\AppData\Local\Temp\ccI0OIRq.ltrans0.ltrans.o
 .progmem.data.DeviceDescriptor
                0x000000000000056c       0x12 C:\Users\Pyry\AppData\Local\Temp\ccI0OIRq.ltrans0.ltrans.o
 .progmem.data.ProductString
                0x000000000000057e        0xa C:\Users\Pyry\AppData\Local\Temp\ccI0OIRq.ltrans0.ltrans.o
 .progmem.data.ManufacturerString
                0x0000000000000588       0x16 C:\Users\Pyry\AppData\Local\Temp\ccI0OIRq.ltrans0.ltrans.o
 .progmem.data.LanguageString
                0x000000000000059e        0x4 C:\Users\Pyry\AppData\Local\Temp\ccI0OIRq.ltrans0.ltrans.o
                0x00000000000005a2                . = ALIGN (0x2)
 *(.lowtext)
 *(.lowtext*)
                0x00000000000005a2                __ctors_start = .
 *(.ctors)
                0x00000000000005a2                __ctors_end = .
                0x00000000000005a2                __dtors_start = .
 *(.dtors)
                0x00000000000005a2                __dtors_end = .
 SORT_BY_NAME(*)(.ctors)
 SORT_BY_NAME(*)(.dtors)
 *(.init0)
 .init0         0x00000000000005a2        0x0 e:/qmk_msys/mingw64/bin/../lib/gcc/avr/8.5.0/../../../../avr/lib/avr5/crtatmega32u4.o
                0x00000000000005a2                __init
 *(.init0)
 *(.init1)
 *(.init1)
 *(.init2)
 .init2         0x00000000000005a2        0xc e:/qmk_msys/mingw64/bin/../lib/gcc/avr/8.5.0/../../../../avr/lib/avr5/crtatmega32u4.o
 *(.init2)
 *(.init3)
 .init3         0x00000000000005ae       0x36 C:\Users\Pyry\AppData\Local\Temp\ccI0OIRq.ltrans0.ltrans.o
                0x00000000000005ae                bootloader_jump_after_watchdog_reset
 *(.init3)
 *(.init4)
 .init4         0x00000000000005e4       0x10 e:/qmk_msys/mingw64/bin/../lib/gcc/avr/8.5.0/avr5\libgcc.a(_clear_bss.o)
                0x00000000000005e4                __do_clear_bss
 .init4         0x00000000000005f4       0x16 e:/qmk_msys/mingw64/bin/../lib/gcc/avr/8.5.0/avr5\libgcc.a(_copy_data.o)
                0x00000000000005f4                __do_copy_data
 *(.init4)
 *(.init5)
 *(.init5)
 *(.init6)
 *(.init6)
 *(.init7)
 *(.init7)
 *(.init8)
 *(.init8)
 *(.init9)
 .init9         0x000000000000060a        0x8 e:/qmk_msys/mingw64/bin/../lib/gcc/avr/8.5.0/../../../../avr/lib/avr5/crtatmega32u4.o
 *(.init9)
 *(.text)
 .text          0x0000000000000612        0x4 e:/qmk_msys/mingw64/bin/../lib/gcc/avr/8.5.0/../../../../avr/lib/avr5/crtatmega32u4.o
                0x0000000000000612                __vector_38
                0x0000000000000612                __vector_22
                0x0000000000000612                __vector_28
                0x0000000000000612                __vector_1
                0x0000000000000612                __vector_32
                0x0000000000000612                __vector_34
                0x0000000000000612                __vector_24
                0x0000000000000612                __bad_interrupt
                0x0000000000000612                __vector_6
                0x0000000000000612                __vector_31
                0x0000000000000612                __vector_35
                0x0000000000000612                __vector_39
                0x0000000000000612                __vector_3
                0x0000000000000612                __vector_23
                0x0000000000000612                __vector_30
                0x0000000000000612                __vector_25
                0x0000000000000612                __vector_13
                0x0000000000000612                __vector_19
                0x0000000000000612                __vector_7
                0x0000000000000612                __vector_41
                0x0000000000000612                __vector_27
                0x0000000000000612                __vector_5
                0x0000000000000612                __vector_33
                0x0000000000000612                __vector_37
                0x0000000000000612                __vector_4
                0x0000000000000612                __vector_9
                0x0000000000000612                __vector_2
                0x0000000000000612                __vector_15
                0x0000000000000612                __vector_36
                0x0000000000000612                __vector_29
                0x0000000000000612                __vector_40
                0x0000000000000612                __vector_8
                0x0000000000000612                __vector_26
                0x0000000000000612                __vector_14
                0x0000000000000612                __vector_16
                0x0000000000000612                __vector_18
                0x0000000000000612                __vector_42
                0x0000000000000616                . = ALIGN (0x2)
 *(.text.*)
 .text.USB_Disable
                0x0000000000000616       0x3e C:\Users\Pyry\AppData\Local\Temp\ccI0OIRq.ltrans0.ltrans.o
 .text.Endpoint_WaitUntilReady
                0x0000000000000654       0x62 C:\Users\Pyry\AppData\Local\Temp\ccI0OIRq.ltrans0.ltrans.o
 .text.Endpoint_ClearStatusStage
                0x00000000000006b6       0x3e C:\Users\Pyry\AppData\Local\Temp\ccI0OIRq.ltrans0.ltrans.o
 .text.Endpoint_ConfigureEndpoint_Prv
                0x00000000000006f4       0x64 C:\Users\Pyry\AppData\Local\Temp\ccI0OIRq.ltrans0.ltrans.o
 .text.USB_Init
                0x0000000000000758       0xb6 C:\Users\Pyry\AppData\Local\Temp\ccI0OIRq.ltrans0.ltrans.o
 .text.Endpoint_Write_Control_Stream_LE
                0x000000000000080e       0xbc C:\Users\Pyry\AppData\Local\Temp\ccI0OIRq.ltrans0.ltrans.o
 .text.keyboard_leds
                0x00000000000008ca        0x6 C:\Users\Pyry\AppData\Local\Temp\ccI0OIRq.ltrans0.ltrans.o
 .text.timer_elapsed
                0x00000000000008d0       0x1e C:\Users\Pyry\AppData\Local\Temp\ccI0OIRq.ltrans0.ltrans.o
 .text.timer_read
                0x00000000000008ee       0x18 C:\Users\Pyry\AppData\Local\Temp\ccI0OIRq.ltrans0.ltrans.o
 .text.host_consumer_send
                0x0000000000000906       0x4a C:\Users\Pyry\AppData\Local\Temp\ccI0OIRq.ltrans0.ltrans.o
 .text.host_system_send
                0x0000000000000950       0x4a C:\Users\Pyry\AppData\Local\Temp\ccI0OIRq.ltrans0.ltrans.o
 .text.host_keyboard_leds
                0x000000000000099a       0x1a C:\Users\Pyry\AppData\Local\Temp\ccI0OIRq.ltrans0.ltrans.o
 .text.backlight_set
                0x00000000000009b4      0x176 C:\Users\Pyry\AppData\Local\Temp\ccI0OIRq.ltrans0.ltrans.o
 .text.handleKeycodeRGB
                0x0000000000000b2a        0xc C:\Users\Pyry\AppData\Local\Temp\ccI0OIRq.ltrans0.ltrans.o
 .text.rgblight_effect_dummy
                0x0000000000000b36        0x2 C:\Users\Pyry\AppData\Local\Temp\ccI0OIRq.ltrans0.ltrans.o
 .text.rgblight_check_config
                0x0000000000000b38       0x1e C:\Users\Pyry\AppData\Local\Temp\ccI0OIRq.ltrans0.ltrans.o
 .text.sethsv_raw
                0x0000000000000b56      0x12c C:\Users\Pyry\AppData\Local\Temp\ccI0OIRq.ltrans0.ltrans.o
 .text.mousekey_send
                0x0000000000000c82       0x4e C:\Users\Pyry\AppData\Local\Temp\ccI0OIRq.ltrans0.ltrans.o
 .text.wheel_unit
                0x0000000000000cd0       0x44 C:\Users\Pyry\AppData\Local\Temp\ccI0OIRq.ltrans0.ltrans.o
 .text.move_unit
                0x0000000000000d14       0x40 C:\Users\Pyry\AppData\Local\Temp\ccI0OIRq.ltrans0.ltrans.o
 .text.sendchar
                0x0000000000000d54        0x4 C:\Users\Pyry\AppData\Local\Temp\ccI0OIRq.ltrans0.ltrans.o
 .text.setPinInputHigh_atomic
                0x0000000000000d58       0x2e C:\Users\Pyry\AppData\Local\Temp\ccI0OIRq.ltrans0.ltrans.o
 .text.mod_config
                0x0000000000000d86       0x86 C:\Users\Pyry\AppData\Local\Temp\ccI0OIRq.ltrans0.ltrans.o
 .text.keymap_key_to_keycode
                0x0000000000000e0c       0x3a C:\Users\Pyry\AppData\Local\Temp\ccI0OIRq.ltrans0.ltrans.o
 .text.action_for_keycode
                0x0000000000000e46      0x31e C:\Users\Pyry\AppData\Local\Temp\ccI0OIRq.ltrans0.ltrans.o
 .text.clear_oneshot_mods
                0x0000000000001164        0xc C:\Users\Pyry\AppData\Local\Temp\ccI0OIRq.ltrans0.ltrans.o
 .text.del_mods
                0x0000000000001170        0xe C:\Users\Pyry\AppData\Local\Temp\ccI0OIRq.ltrans0.ltrans.o
 .text.del_key  0x000000000000117e       0x1a C:\Users\Pyry\AppData\Local\Temp\ccI0OIRq.ltrans0.ltrans.o
 .text.add_key  0x0000000000001198       0x32 C:\Users\Pyry\AppData\Local\Temp\ccI0OIRq.ltrans0.ltrans.o
 .text.debug_waiting_buffer
                0x00000000000011ca       0x14 C:\Users\Pyry\AppData\Local\Temp\ccI0OIRq.ltrans0.ltrans.o
 .text.layer_switch_get_layer
                0x00000000000011de       0x68 C:\Users\Pyry\AppData\Local\Temp\ccI0OIRq.ltrans0.ltrans.o
 .text.layer_switch_get_action
                0x0000000000001246       0x1a C:\Users\Pyry\AppData\Local\Temp\ccI0OIRq.ltrans0.ltrans.o
 .text.read_source_layers_cache
                0x0000000000001260       0x66 C:\Users\Pyry\AppData\Local\Temp\ccI0OIRq.ltrans0.ltrans.o
 .text.update_source_layers_cache
                0x00000000000012c6       0x6c C:\Users\Pyry\AppData\Local\Temp\ccI0OIRq.ltrans0.ltrans.o
 .text.layer_state_set
                0x0000000000001332        0xa C:\Users\Pyry\AppData\Local\Temp\ccI0OIRq.ltrans0.ltrans.o
 .text.layer_off
                0x000000000000133c       0x24 C:\Users\Pyry\AppData\Local\Temp\ccI0OIRq.ltrans0.ltrans.o
 .text.clear_oneshot_layer_state
                0x0000000000001360       0x38 C:\Users\Pyry\AppData\Local\Temp\ccI0OIRq.ltrans0.ltrans.o
 .text.layer_on
                0x0000000000001398       0x20 C:\Users\Pyry\AppData\Local\Temp\ccI0OIRq.ltrans0.ltrans.o
 .text.default_layer_state_set
                0x00000000000013b8        0xa C:\Users\Pyry\AppData\Local\Temp\ccI0OIRq.ltrans0.ltrans.o
 .text.is_tap_record
                0x00000000000013c2       0x54 C:\Users\Pyry\AppData\Local\Temp\ccI0OIRq.ltrans0.ltrans.o
 .text.register_mouse
                0x0000000000001416      0x1b0 C:\Users\Pyry\AppData\Local\Temp\ccI0OIRq.ltrans0.ltrans.o
 .text.led_set  0x00000000000015c6       0x1c C:\Users\Pyry\AppData\Local\Temp\ccI0OIRq.ltrans0.ltrans.o
 .text.send_report
                0x00000000000015e2       0x76 C:\Users\Pyry\AppData\Local\Temp\ccI0OIRq.ltrans0.ltrans.o
 .text.send_extra
                0x0000000000001658        0xe C:\Users\Pyry\AppData\Local\Temp\ccI0OIRq.ltrans0.ltrans.o
 .text.send_mouse
                0x0000000000001666        0xe C:\Users\Pyry\AppData\Local\Temp\ccI0OIRq.ltrans0.ltrans.o
 .text.send_keyboard
                0x0000000000001674       0x28 C:\Users\Pyry\AppData\Local\Temp\ccI0OIRq.ltrans0.ltrans.o
 .text.bootloader_jump
                0x000000000000169c       0x48 C:\Users\Pyry\AppData\Local\Temp\ccI0OIRq.ltrans0.ltrans.o
 .text.rgblight_set
                0x00000000000016e4       0x6a C:\Users\Pyry\AppData\Local\Temp\ccI0OIRq.ltrans0.ltrans.o
 .text.rgblight_effect_alternating
                0x000000000000174e       0x6e C:\Users\Pyry\AppData\Local\Temp\ccI0OIRq.ltrans0.ltrans.o
 .text.rgblight_effect_christmas
                0x00000000000017bc       0xf6 C:\Users\Pyry\AppData\Local\Temp\ccI0OIRq.ltrans0.ltrans.o
 .text.rgblight_effect_knight
                0x00000000000018b2       0x9c C:\Users\Pyry\AppData\Local\Temp\ccI0OIRq.ltrans0.ltrans.o
 .text.rgblight_effect_snake
                0x000000000000194e       0xca C:\Users\Pyry\AppData\Local\Temp\ccI0OIRq.ltrans0.ltrans.o
 .text.rgblight_effect_rainbow_swirl
                0x0000000000001a18       0x54 C:\Users\Pyry\AppData\Local\Temp\ccI0OIRq.ltrans0.ltrans.o
 .text.rgblight_setrgb
                0x0000000000001a6c       0x22 C:\Users\Pyry\AppData\Local\Temp\ccI0OIRq.ltrans0.ltrans.o
 .text.rgblight_effect_rgbtest
                0x0000000000001a8e       0x72 C:\Users\Pyry\AppData\Local\Temp\ccI0OIRq.ltrans0.ltrans.o
 .text.rgblight_sethsv_noeeprom_old
                0x0000000000001b00       0x30 C:\Users\Pyry\AppData\Local\Temp\ccI0OIRq.ltrans0.ltrans.o
 .text.rgblight_effect_rainbow_mood
                0x0000000000001b30       0x20 C:\Users\Pyry\AppData\Local\Temp\ccI0OIRq.ltrans0.ltrans.o
 .text.rgblight_effect_breathing
                0x0000000000001b50       0x28 C:\Users\Pyry\AppData\Local\Temp\ccI0OIRq.ltrans0.ltrans.o
 .text.eeconfig_update_backlight
                0x0000000000001b78        0xc C:\Users\Pyry\AppData\Local\Temp\ccI0OIRq.ltrans0.ltrans.o
 .text.rgblight_effect_twinkle
                0x0000000000001b84      0x12c C:\Users\Pyry\AppData\Local\Temp\ccI0OIRq.ltrans0.ltrans.o
 .text.rgblight_timer_enable
                0x0000000000001cb0       0x2c C:\Users\Pyry\AppData\Local\Temp\ccI0OIRq.ltrans0.ltrans.o
 .text.eeconfig_update_rgblight
                0x0000000000001cdc       0x26 C:\Users\Pyry\AppData\Local\Temp\ccI0OIRq.ltrans0.ltrans.o
 .text.rgblight_sethsv_eeprom_helper
                0x0000000000001d02       0xf2 C:\Users\Pyry\AppData\Local\Temp\ccI0OIRq.ltrans0.ltrans.o
 .text.rgblight_decrease_val
                0x0000000000001df4       0x1a C:\Users\Pyry\AppData\Local\Temp\ccI0OIRq.ltrans0.ltrans.o
 .text.rgblight_increase_val
                0x0000000000001e0e       0x1a C:\Users\Pyry\AppData\Local\Temp\ccI0OIRq.ltrans0.ltrans.o
 .text.rgblight_decrease_sat
                0x0000000000001e28       0x1a C:\Users\Pyry\AppData\Local\Temp\ccI0OIRq.ltrans0.ltrans.o
 .text.rgblight_increase_sat
                0x0000000000001e42       0x1a C:\Users\Pyry\AppData\Local\Temp\ccI0OIRq.ltrans0.ltrans.o
 .text.rgblight_decrease_hue
                0x0000000000001e5c       0x14 C:\Users\Pyry\AppData\Local\Temp\ccI0OIRq.ltrans0.ltrans.o
 .text.rgblight_increase_hue
                0x0000000000001e70       0x14 C:\Users\Pyry\AppData\Local\Temp\ccI0OIRq.ltrans0.ltrans.o
 .text.rgblight_decrease_speed
                0x0000000000001e84       0x24 C:\Users\Pyry\AppData\Local\Temp\ccI0OIRq.ltrans0.ltrans.o
 .text.rgblight_increase_speed
                0x0000000000001ea8       0x24 C:\Users\Pyry\AppData\Local\Temp\ccI0OIRq.ltrans0.ltrans.o
 .text.rgblight_mode_eeprom_helper
                0x0000000000001ecc       0x76 C:\Users\Pyry\AppData\Local\Temp\ccI0OIRq.ltrans0.ltrans.o
 .text.rgblight_mode
                0x0000000000001f42        0x8 C:\Users\Pyry\AppData\Local\Temp\ccI0OIRq.ltrans0.ltrans.o
 .text.rgblight_step_reverse
                0x0000000000001f4a       0x14 C:\Users\Pyry\AppData\Local\Temp\ccI0OIRq.ltrans0.ltrans.o
 .text.rgblight_step
                0x0000000000001f5e       0x16 C:\Users\Pyry\AppData\Local\Temp\ccI0OIRq.ltrans0.ltrans.o
 .text.handleKeycodeRGBMode
                0x0000000000001f74       0x1e C:\Users\Pyry\AppData\Local\Temp\ccI0OIRq.ltrans0.ltrans.o
 .text.eeconfig_update_rgblight_default
                0x0000000000001f92       0x20 C:\Users\Pyry\AppData\Local\Temp\ccI0OIRq.ltrans0.ltrans.o
 .text.send_keyboard_report
                0x0000000000001fb2       0x7a C:\Users\Pyry\AppData\Local\Temp\ccI0OIRq.ltrans0.ltrans.o
 .text.unregister_mods
                0x000000000000202c        0xe C:\Users\Pyry\AppData\Local\Temp\ccI0OIRq.ltrans0.ltrans.o
 .text.register_mods
                0x000000000000203a       0x14 C:\Users\Pyry\AppData\Local\Temp\ccI0OIRq.ltrans0.ltrans.o
 .text.unregister_code
                0x000000000000204e       0xb4 C:\Users\Pyry\AppData\Local\Temp\ccI0OIRq.ltrans0.ltrans.o
 .text.register_code
                0x0000000000002102      0x12e C:\Users\Pyry\AppData\Local\Temp\ccI0OIRq.ltrans0.ltrans.o
 .text.perform_space_cadet.constprop.26
                0x0000000000002230       0xc0 C:\Users\Pyry\AppData\Local\Temp\ccI0OIRq.ltrans0.ltrans.o
 .text.eeconfig_init_quantum
                0x00000000000022f0       0xe0 C:\Users\Pyry\AppData\Local\Temp\ccI0OIRq.ltrans0.ltrans.o
 .text.backlight_init
                0x00000000000023d0       0x54 C:\Users\Pyry\AppData\Local\Temp\ccI0OIRq.ltrans0.ltrans.o
 .text.oneshot_set
                0x0000000000002424       0x2e C:\Users\Pyry\AppData\Local\Temp\ccI0OIRq.ltrans0.ltrans.o
 .text.clear_keyboard
                0x0000000000002452       0x4e C:\Users\Pyry\AppData\Local\Temp\ccI0OIRq.ltrans0.ltrans.o
 .text.USB_Device_ProcessControlRequest
                0x00000000000024a0      0x562 C:\Users\Pyry\AppData\Local\Temp\ccI0OIRq.ltrans0.ltrans.o
 .text.soft_reset_keyboard
                0x0000000000002a02       0x2c C:\Users\Pyry\AppData\Local\Temp\ccI0OIRq.ltrans0.ltrans.o
 .text.matrix_scan
                0x0000000000002a2e      0x164 C:\Users\Pyry\AppData\Local\Temp\ccI0OIRq.ltrans0.ltrans.o
 .text.process_record
                0x0000000000002b92      0xa50 C:\Users\Pyry\AppData\Local\Temp\ccI0OIRq.ltrans0.ltrans.o
 .text.waiting_buffer_scan_tap
                0x00000000000035e2       0xaa C:\Users\Pyry\AppData\Local\Temp\ccI0OIRq.ltrans0.ltrans.o
 .text.process_tapping
                0x000000000000368c      0x2c2 C:\Users\Pyry\AppData\Local\Temp\ccI0OIRq.ltrans0.ltrans.o
 .text.action_exec
                0x000000000000394e      0x10a C:\Users\Pyry\AppData\Local\Temp\ccI0OIRq.ltrans0.ltrans.o
 .text.__vector_11
                0x0000000000003a58       0x88 C:\Users\Pyry\AppData\Local\Temp\ccI0OIRq.ltrans0.ltrans.o
                0x0000000000003a58                __vector_11
 .text.__vector_10
                0x0000000000003ae0      0x1b2 C:\Users\Pyry\AppData\Local\Temp\ccI0OIRq.ltrans0.ltrans.o
                0x0000000000003ae0                __vector_10
 .text.__vector_21
                0x0000000000003c92       0x48 C:\Users\Pyry\AppData\Local\Temp\ccI0OIRq.ltrans0.ltrans.o
                0x0000000000003c92                __vector_21
 .text.__vector_12
                0x0000000000003cda       0x4e C:\Users\Pyry\AppData\Local\Temp\ccI0OIRq.ltrans0.ltrans.o
                0x0000000000003cda                __vector_12
 .text.__vector_20
                0x0000000000003d28       0x5c C:\Users\Pyry\AppData\Local\Temp\ccI0OIRq.ltrans0.ltrans.o
                0x0000000000003d28                __vector_20
 .text.__vector_17
                0x0000000000003d84        0x4 C:\Users\Pyry\AppData\Local\Temp\ccI0OIRq.ltrans0.ltrans.o
                0x0000000000003d84                __vector_17
 .text.startup.main
                0x0000000000003d88      0x78a C:\Users\Pyry\AppData\Local\Temp\ccI0OIRq.ltrans0.ltrans.o
                0x0000000000003d88                main
 .text.libgcc.mul
                0x0000000000004512       0x20 e:/qmk_msys/mingw64/bin/../lib/gcc/avr/8.5.0/avr5\libgcc.a(_mulsi3.o)
                0x0000000000004512                __mulsi3
 .text.libgcc.div
                0x0000000000004532       0x18 e:/qmk_msys/mingw64/bin/../lib/gcc/avr/8.5.0/avr5\libgcc.a(_udivmodqi4.o)
                0x0000000000004532                __udivmodqi4
 .text.libgcc.div
                0x000000000000454a       0x1c e:/qmk_msys/mingw64/bin/../lib/gcc/avr/8.5.0/avr5\libgcc.a(_divmodqi4.o)
                0x000000000000454a                __divmodqi4
 .text.libgcc.div
                0x0000000000004566       0x28 e:/qmk_msys/mingw64/bin/../lib/gcc/avr/8.5.0/avr5\libgcc.a(_udivmodhi4.o)
                0x0000000000004566                __udivmodhi4
 .text.libgcc.div
                0x000000000000458e       0x28 e:/qmk_msys/mingw64/bin/../lib/gcc/avr/8.5.0/avr5\libgcc.a(_divmodhi4.o)
                0x000000000000458e                _div
                0x000000000000458e                __divmodhi4
 .text.libgcc   0x00000000000045b6        0xc e:/qmk_msys/mingw64/bin/../lib/gcc/avr/8.5.0/avr5\libgcc.a(_tablejump2.o)
                0x00000000000045b6                __tablejump2__
 .text.libgcc.mul
                0x00000000000045c2       0x10 e:/qmk_msys/mingw64/bin/../lib/gcc/avr/8.5.0/avr5\libgcc.a(_mulhisi3.o)
                0x00000000000045c2                __mulhisi3
 .text.libgcc.mul
                0x00000000000045d2        0xe e:/qmk_msys/mingw64/bin/../lib/gcc/avr/8.5.0/avr5\libgcc.a(_usmulhisi3.o)
                0x00000000000045d2                __usmulhisi3
                0x00000000000045d6                __usmulhisi3_tail
 .text.libgcc.prologue
                0x00000000000045e0       0x38 e:/qmk_msys/mingw64/bin/../lib/gcc/avr/8.5.0/avr5\libgcc.a(_prologue.o)
                0x00000000000045e0                __prologue_saves__
 .text.libgcc.prologue
                0x0000000000004618       0x36 e:/qmk_msys/mingw64/bin/../lib/gcc/avr/8.5.0/avr5\libgcc.a(_epilogue.o)
                0x0000000000004618                __epilogue_restores__
 .text.avr-libc
                0x000000000000464e       0xb8 e:/qmk_msys/mingw64/bin/../lib/gcc/avr/8.5.0/../../../../avr/lib/avr5\libc.a(rand.o)
                0x00000000000046e0                rand_r
                0x00000000000046e6                rand
                0x00000000000046f0                srand
 .text.avr-libc
                0x0000000000004706       0x1a e:/qmk_msys/mingw64/bin/../lib/gcc/avr/8.5.0/../../../../avr/lib/avr5\libc.a(memchr.o)
                0x0000000000004706                memchr
 .text.avr-libc
                0x0000000000004720       0x1a e:/qmk_msys/mingw64/bin/../lib/gcc/avr/8.5.0/../../../../avr/lib/avr5\libc.a(memcmp.o)
                0x0000000000004720                memcmp
 .text.avr-libc
                0x000000000000473a       0x10 e:/qmk_msys/mingw64/bin/../lib/gcc/avr/8.5.0/../../../../avr/lib/avr5\libatmega32u4.a(eerd_byte.o)
                0x000000000000473a                eeprom_read_byte
 .text.avr-libc
                0x000000000000474a        0xc e:/qmk_msys/mingw64/bin/../lib/gcc/avr/8.5.0/../../../../avr/lib/avr5\libatmega32u4.a(eerd_dword.o)
                0x000000000000474a                eeprom_read_float
                0x000000000000474a                eeprom_read_dword
 .text.avr-libc
                0x0000000000004756        0xc e:/qmk_msys/mingw64/bin/../lib/gcc/avr/8.5.0/../../../../avr/lib/avr5\libatmega32u4.a(eerd_word.o)
                0x0000000000004756                eeprom_read_word
 .text.avr-libc
                0x0000000000004762       0x24 e:/qmk_msys/mingw64/bin/../lib/gcc/avr/8.5.0/../../../../avr/lib/avr5\libatmega32u4.a(eeupd_byte.o)
                0x0000000000004762                eeprom_update_byte
                0x0000000000004764                eeprom_update_r18
 .text.avr-libc
                0x0000000000004786       0x18 e:/qmk_msys/mingw64/bin/../lib/gcc/avr/8.5.0/../../../../avr/lib/avr5\libatmega32u4.a(eeupd_dword.o)
                0x0000000000004786                eeprom_update_float
                0x0000000000004786                eeprom_update_dword
 .text.avr-libc
                0x000000000000479e        0xc e:/qmk_msys/mingw64/bin/../lib/gcc/avr/8.5.0/../../../../avr/lib/avr5\libatmega32u4.a(eeupd_word.o)
                0x000000000000479e                eeprom_update_word
 .text.avr-libc
                0x00000000000047aa       0x20 e:/qmk_msys/mingw64/bin/../lib/gcc/avr/8.5.0/../../../../avr/lib/avr5\libatmega32u4.a(eerd_block.o)
                0x00000000000047aa                eeprom_read_block
                0x00000000000047ae                eeprom_read_blraw
 .text.libgcc.div
                0x00000000000047ca       0x2e e:/qmk_msys/mingw64/bin/../lib/gcc/avr/8.5.0/avr5\libgcc.a(_divmodsi4.o)
                0x00000000000047ca                __divmodsi4
 .text.libgcc.div
                0x00000000000047f8       0x10 e:/qmk_msys/mingw64/bin/../lib/gcc/avr/8.5.0/avr5\libgcc.a(_negsi2.o)
                0x00000000000047f8                __negsi2
 .text.libgcc.mul
                0x0000000000004808       0x16 e:/qmk_msys/mingw64/bin/../lib/gcc/avr/8.5.0/avr5\libgcc.a(_muluhisi3.o)
                0x0000000000004808                __muluhisi3
 .text.libgcc.mul
                0x000000000000481e       0x10 e:/qmk_msys/mingw64/bin/../lib/gcc/avr/8.5.0/avr5\libgcc.a(_mulshisi3.o)
                0x000000000000481e                __mulshisi3
                0x0000000000004824                __mulohisi3
 .text.libgcc.div
                0x000000000000482e       0x44 e:/qmk_msys/mingw64/bin/../lib/gcc/avr/8.5.0/avr5\libgcc.a(_udivmodsi4.o)
                0x000000000000482e                __udivmodsi4
 .text.libgcc.mul
                0x0000000000004872       0x1e e:/qmk_msys/mingw64/bin/../lib/gcc/avr/8.5.0/avr5\libgcc.a(_umulhisi3.o)
                0x0000000000004872                __umulhisi3
                0x0000000000004890                . = ALIGN (0x2)
 *(.fini9)
 .fini9         0x0000000000004890        0x0 e:/qmk_msys/mingw64/bin/../lib/gcc/avr/8.5.0/avr5\libgcc.a(_exit.o)
                0x0000000000004890                _exit
                0x0000000000004890                exit
 *(.fini9)
 *(.fini8)
 *(.fini8)
 *(.fini7)
 *(.fini7)
 *(.fini6)
 *(.fini6)
 *(.fini5)
 *(.fini5)
 *(.fini4)
 *(.fini4)
 *(.fini3)
 *(.fini3)
 *(.fini2)
 *(.fini2)
 *(.fini1)
 *(.fini1)
 *(.fini0)
 .fini0         0x0000000000004890        0x4 e:/qmk_msys/mingw64/bin/../lib/gcc/avr/8.5.0/avr5\libgcc.a(_exit.o)
 *(.fini0)
 *(.hightext)
 *(.hightext*)
 *(.progmemx.*)
                0x0000000000004894                . = ALIGN (0x2)
 *(.jumptables)
 *(.jumptables*)
 .jumptables.gcc.USB_Device_ProcessControlRequest
                0x0000000000004894       0x14 C:\Users\Pyry\AppData\Local\Temp\ccI0OIRq.ltrans0.ltrans.o
 .jumptables.gcc.process_record
                0x00000000000048a8       0x94 C:\Users\Pyry\AppData\Local\Temp\ccI0OIRq.ltrans0.ltrans.o
                0x000000000000493c                _etext = .

.data           0x0000000000800100       0x90 load address 0x000000000000493c
                0x0000000000800100                PROVIDE (__data_start = .)
 *(.data)
 .data          0x0000000000800100        0x4 e:/qmk_msys/mingw64/bin/../lib/gcc/avr/8.5.0/../../../../avr/lib/avr5\libc.a(rand.o)
 *(.data*)
 .data.lufa_driver
                0x0000000000800104        0x8 C:\Users\Pyry\AppData\Local\Temp\ccI0OIRq.ltrans0.ltrans.o
 .data.static_effect_table
                0x000000000080010c        0xb C:\Users\Pyry\AppData\Local\Temp\ccI0OIRq.ltrans0.ltrans.o
 .data.increment.3517
                0x0000000000800117        0x1 C:\Users\Pyry\AppData\Local\Temp\ccI0OIRq.ltrans0.ltrans.o
 .data.high_bound.3516
                0x0000000000800118        0x1 C:\Users\Pyry\AppData\Local\Temp\ccI0OIRq.ltrans0.ltrans.o
 .data.increment.3529
                0x0000000000800119        0x1 C:\Users\Pyry\AppData\Local\Temp\ccI0OIRq.ltrans0.ltrans.o
 .data.keyboard_protocol
                0x000000000080011a        0x1 C:\Users\Pyry\AppData\Local\Temp\ccI0OIRq.ltrans0.ltrans.o
 *(.gnu.linkonce.d*)
 *(.rodata)
 *(.rodata*)
 .rodata.CSWTCH.13
                0x000000000080011b        0x3 C:\Users\Pyry\AppData\Local\Temp\ccI0OIRq.ltrans0.ltrans.o
 .rodata.CSWTCH.14
                0x000000000080011e       0x32 C:\Users\Pyry\AppData\Local\Temp\ccI0OIRq.ltrans0.ltrans.o
 .rodata.row_pins
                0x0000000000800150        0xc C:\Users\Pyry\AppData\Local\Temp\ccI0OIRq.ltrans0.ltrans.o
 .rodata.col_pins
                0x000000000080015c        0x9 C:\Users\Pyry\AppData\Local\Temp\ccI0OIRq.ltrans0.ltrans.o
 .rodata.mode_base_table
                0x0000000000800165       0x2b C:\Users\Pyry\AppData\Local\Temp\ccI0OIRq.ltrans0.ltrans.o
 *(.gnu.linkonce.r*)
                0x0000000000800190                . = ALIGN (0x2)
                0x0000000000800190                _edata = .
                0x0000000000800190                PROVIDE (__data_end = .)

.bss            0x0000000000800190      0x1e2
                0x0000000000800190                PROVIDE (__bss_start = .)
 *(.bss)
 .bss           0x0000000000800190        0x2 .build/obj_hineybush_h88_default/platforms/avr/xprintf.o
                0x0000000000800190                xfunc_out
 *(.bss*)
 .bss.__compound_literal.0
                0x0000000000800192        0x8 C:\Users\Pyry\AppData\Local\Temp\ccI0OIRq.ltrans0.ltrans.o
 .bss.grave_esc_was_shifted
                0x000000000080019a        0x1 C:\Users\Pyry\AppData\Local\Temp\ccI0OIRq.ltrans0.ltrans.o
 .bss.source_layers_cache
                0x000000000080019b       0x38 C:\Users\Pyry\AppData\Local\Temp\ccI0OIRq.ltrans0.ltrans.o
 .bss.tapping_key
                0x00000000008001d3        0x6 C:\Users\Pyry\AppData\Local\Temp\ccI0OIRq.ltrans0.ltrans.o
 .bss.waiting_buffer_head
                0x00000000008001d9        0x1 C:\Users\Pyry\AppData\Local\Temp\ccI0OIRq.ltrans0.ltrans.o
 .bss.waiting_buffer
                0x00000000008001da       0x30 C:\Users\Pyry\AppData\Local\Temp\ccI0OIRq.ltrans0.ltrans.o
 .bss.waiting_buffer_tail
                0x000000000080020a        0x1 C:\Users\Pyry\AppData\Local\Temp\ccI0OIRq.ltrans0.ltrans.o
 .bss.oneshot_layer_data
                0x000000000080020b        0x1 C:\Users\Pyry\AppData\Local\Temp\ccI0OIRq.ltrans0.ltrans.o
 .bss.last_report.3888
                0x000000000080020c        0x8 C:\Users\Pyry\AppData\Local\Temp\ccI0OIRq.ltrans0.ltrans.o
 .bss.weak_mods
                0x0000000000800214        0x1 C:\Users\Pyry\AppData\Local\Temp\ccI0OIRq.ltrans0.ltrans.o
 .bss.real_mods
                0x0000000000800215        0x1 C:\Users\Pyry\AppData\Local\Temp\ccI0OIRq.ltrans0.ltrans.o
 .bss.oneshot_mods
                0x0000000000800216        0x1 C:\Users\Pyry\AppData\Local\Temp\ccI0OIRq.ltrans0.ltrans.o
 .bss.default_layer_state
                0x0000000000800217        0x2 C:\Users\Pyry\AppData\Local\Temp\ccI0OIRq.ltrans0.ltrans.o
 .bss.debouncing_time
                0x0000000000800219        0x2 C:\Users\Pyry\AppData\Local\Temp\ccI0OIRq.ltrans0.ltrans.o
 .bss.debouncing
                0x000000000080021b        0x1 C:\Users\Pyry\AppData\Local\Temp\ccI0OIRq.ltrans0.ltrans.o
 .bss.raw_matrix
                0x000000000080021c       0x18 C:\Users\Pyry\AppData\Local\Temp\ccI0OIRq.ltrans0.ltrans.o
 .bss.layer_state
                0x0000000000800234        0x2 C:\Users\Pyry\AppData\Local\Temp\ccI0OIRq.ltrans0.ltrans.o
 .bss.keymap_config
                0x0000000000800236        0x2 C:\Users\Pyry\AppData\Local\Temp\ccI0OIRq.ltrans0.ltrans.o
 .bss.is_rgblight_initialized
                0x0000000000800238        0x1 C:\Users\Pyry\AppData\Local\Temp\ccI0OIRq.ltrans0.ltrans.o
 .bss.pre_suspend_enabled
                0x0000000000800239        0x1 C:\Users\Pyry\AppData\Local\Temp\ccI0OIRq.ltrans0.ltrans.o
 .bss.is_suspended
                0x000000000080023a        0x1 C:\Users\Pyry\AppData\Local\Temp\ccI0OIRq.ltrans0.ltrans.o
 .bss.last_tick.4885
                0x000000000080023b        0x2 C:\Users\Pyry\AppData\Local\Temp\ccI0OIRq.ltrans0.ltrans.o
 .bss.matrix    0x000000000080023d       0x18 C:\Users\Pyry\AppData\Local\Temp\ccI0OIRq.ltrans0.ltrans.o
 .bss.debug_config
                0x0000000000800255        0x1 C:\Users\Pyry\AppData\Local\Temp\ccI0OIRq.ltrans0.ltrans.o
 .bss.matrix_previous.4892
                0x0000000000800256       0x18 C:\Users\Pyry\AppData\Local\Temp\ccI0OIRq.ltrans0.ltrans.o
 .bss.last_led_status.3279
                0x000000000080026e        0x1 C:\Users\Pyry\AppData\Local\Temp\ccI0OIRq.ltrans0.ltrans.o
 .bss.mousekey_repeat
                0x000000000080026f        0x1 C:\Users\Pyry\AppData\Local\Temp\ccI0OIRq.ltrans0.ltrans.o
 .bss.mousekey_wheel_repeat
                0x0000000000800270        0x1 C:\Users\Pyry\AppData\Local\Temp\ccI0OIRq.ltrans0.ltrans.o
 .bss.mousekey_accel
                0x0000000000800271        0x1 C:\Users\Pyry\AppData\Local\Temp\ccI0OIRq.ltrans0.ltrans.o
 .bss.last_timer_w
                0x0000000000800272        0x2 C:\Users\Pyry\AppData\Local\Temp\ccI0OIRq.ltrans0.ltrans.o
 .bss.last_timer_c
                0x0000000000800274        0x2 C:\Users\Pyry\AppData\Local\Temp\ccI0OIRq.ltrans0.ltrans.o
 .bss.mouse_report
                0x0000000000800276        0x6 C:\Users\Pyry\AppData\Local\Temp\ccI0OIRq.ltrans0.ltrans.o
 .bss.animation_status
                0x000000000080027c        0x6 C:\Users\Pyry\AppData\Local\Temp\ccI0OIRq.ltrans0.ltrans.o
 .bss.rgblight_status
                0x0000000000800282        0x2 C:\Users\Pyry\AppData\Local\Temp\ccI0OIRq.ltrans0.ltrans.o
 .bss.pos.3499  0x0000000000800284        0x1 C:\Users\Pyry\AppData\Local\Temp\ccI0OIRq.ltrans0.ltrans.o
 .bss.low_bound.3515
                0x0000000000800285        0x1 C:\Users\Pyry\AppData\Local\Temp\ccI0OIRq.ltrans0.ltrans.o
 .bss.maxval.3544
                0x0000000000800286        0x1 C:\Users\Pyry\AppData\Local\Temp\ccI0OIRq.ltrans0.ltrans.o
 .bss.led       0x0000000000800287       0x48 C:\Users\Pyry\AppData\Local\Temp\ccI0OIRq.ltrans0.ltrans.o
 .bss.led_twinkle_state
                0x00000000008002cf       0x78 C:\Users\Pyry\AppData\Local\Temp\ccI0OIRq.ltrans0.ltrans.o
 .bss.rgblight_config
                0x0000000000800347        0x5 C:\Users\Pyry\AppData\Local\Temp\ccI0OIRq.ltrans0.ltrans.o
 .bss.backlight_config
                0x000000000080034c        0x1 C:\Users\Pyry\AppData\Local\Temp\ccI0OIRq.ltrans0.ltrans.o
 .bss.last_system_usage
                0x000000000080034d        0x2 C:\Users\Pyry\AppData\Local\Temp\ccI0OIRq.ltrans0.ltrans.o
 .bss.driver    0x000000000080034f        0x2 C:\Users\Pyry\AppData\Local\Temp\ccI0OIRq.ltrans0.ltrans.o
 .bss.last_consumer_usage
                0x0000000000800351        0x2 C:\Users\Pyry\AppData\Local\Temp\ccI0OIRq.ltrans0.ltrans.o
 .bss.wdt_timeout
                0x0000000000800353        0x1 C:\Users\Pyry\AppData\Local\Temp\ccI0OIRq.ltrans0.ltrans.o
 .bss.timer_count
                0x0000000000800354        0x4 C:\Users\Pyry\AppData\Local\Temp\ccI0OIRq.ltrans0.ltrans.o
 .bss.USB_IsInitialized
                0x0000000000800358        0x1 C:\Users\Pyry\AppData\Local\Temp\ccI0OIRq.ltrans0.ltrans.o
 .bss.keyboard_idle
                0x0000000000800359        0x1 C:\Users\Pyry\AppData\Local\Temp\ccI0OIRq.ltrans0.ltrans.o
 .bss.keyboard_led_state
                0x000000000080035a        0x1 C:\Users\Pyry\AppData\Local\Temp\ccI0OIRq.ltrans0.ltrans.o
 .bss.keyboard_report_sent
                0x000000000080035b        0x8 C:\Users\Pyry\AppData\Local\Temp\ccI0OIRq.ltrans0.ltrans.o
 .bss.USB_Device_CurrentlySelfPowered
                0x0000000000800363        0x1 C:\Users\Pyry\AppData\Local\Temp\ccI0OIRq.ltrans0.ltrans.o
 .bss.USB_Device_RemoteWakeupEnabled
                0x0000000000800364        0x1 C:\Users\Pyry\AppData\Local\Temp\ccI0OIRq.ltrans0.ltrans.o
 .bss.USB_DeviceState
                0x0000000000800365        0x1 C:\Users\Pyry\AppData\Local\Temp\ccI0OIRq.ltrans0.ltrans.o
 .bss.USB_Device_ConfigurationNumber
                0x0000000000800366        0x1 C:\Users\Pyry\AppData\Local\Temp\ccI0OIRq.ltrans0.ltrans.o
 .bss.USB_ControlRequest
                0x0000000000800367        0x8 C:\Users\Pyry\AppData\Local\Temp\ccI0OIRq.ltrans0.ltrans.o
 .bss.sc_timer  0x000000000080036f        0x2 C:\Users\Pyry\AppData\Local\Temp\ccI0OIRq.ltrans0.ltrans.o
 .bss.sc_last   0x0000000000800371        0x1 C:\Users\Pyry\AppData\Local\Temp\ccI0OIRq.ltrans0.ltrans.o
 *(COMMON)
                0x0000000000800372                PROVIDE (__bss_end = .)
                0x000000000000493c                __data_load_start = LOADADDR (.data)
                0x00000000000049cc                __data_load_end = (__data_load_start + SIZEOF (.data))

.noinit         0x0000000000800372        0x4
                [!provide]                        PROVIDE (__noinit_start = .)
 *(.noinit .noinit.* .gnu.linkonce.n.*)
 .noinit        0x0000000000800372        0x4 C:\Users\Pyry\AppData\Local\Temp\ccI0OIRq.ltrans0.ltrans.o
                [!provide]                        PROVIDE (__noinit_end = .)
                0x0000000000800376                _end = .
                [!provide]                        PROVIDE (__heap_start = .)

.eeprom         0x0000000000810000        0x0
 *(.eeprom*)
                0x0000000000810000                __eeprom_end = .

.fuse
 *(.fuse)
 *(.lfuse)
 *(.hfuse)
 *(.efuse)

.lock
 *(.lock*)

.signature
 *(.signature*)

.stab
 *(.stab)

.stabstr
 *(.stabstr)

.stab.excl
 *(.stab.excl)

.stab.exclstr
 *(.stab.exclstr)

.stab.index
 *(.stab.index)

.stab.indexstr
 *(.stab.indexstr)

.comment        0x0000000000000000       0x11
 *(.comment)
 .comment       0x0000000000000000       0x12 C:\Users\Pyry\AppData\Local\Temp\ccI0OIRq.ltrans0.ltrans.o
 .comment       0x0000000000000000       0x11 e:/qmk_msys/mingw64/bin/../lib/gcc/avr/8.5.0/../../../../avr/lib/avr5\libc.a(rand.o)
                                         0x12 (size before relaxing)

.note.gnu.avr.deviceinfo
                0x0000000000000000       0x40
 .note.gnu.avr.deviceinfo
                0x0000000000000000       0x40 e:/qmk_msys/mingw64/bin/../lib/gcc/avr/8.5.0/../../../../avr/lib/avr5/crtatmega32u4.o

.note.gnu.build-id
 *(.note.gnu.build-id)

.debug
 *(.debug)

.line
 *(.line)

.debug_srcinfo
 *(.debug_srcinfo)

.debug_sfnames
 *(.debug_sfnames)

.debug_aranges  0x0000000000000000      0x348
 *(.debug_aranges)
 .debug_aranges
                0x0000000000000000      0x348 C:\Users\Pyry\AppData\Local\Temp\ccI0OIRq.ltrans0.ltrans.o

.debug_pubnames
 *(.debug_pubnames)

.debug_info     0x0000000000000000    0x3c780
 *(.debug_info .gnu.linkonce.wi.*)
 .debug_info    0x0000000000000000      0x9f4 e:/qmk_msys/mingw64/bin/../lib/gcc/avr/8.5.0/../../../../avr/lib/avr5/crtatmega32u4.o
 .debug_info    0x00000000000009f4    0x33083 C:\Users\Pyry\AppData\Local\Temp\cc4zQykbdebugobj
                0x00000000000009f4                h88.c.62f4cab6
                0x000000000000139a                default_keyboard.c.28b0528d
                0x0000000000001b55                keymap_introspection.c.4e4137f5
                0x00000000000042d3                quantum.c.74828c77
                0x0000000000007185                bitwise.c.a4196f92
                0x000000000000734e                led.c.b718b8b7
                0x000000000000765c                action.c.a63e6cc3
                0x000000000000a67e                action_layer.c.56fb0148
                0x000000000000b194                action_tapping.c.d11cc1da
                0x000000000000d74f                action_util.c.d802a749
                0x000000000000de7e                eeconfig.c.9594c844
                0x000000000000e101                keyboard.c.e95ecbe3
                0x000000000000ec6a                keymap_common.c.1a4ebef5
                0x0000000000011acb                keycode_config.c.c717feeb
                0x0000000000013be5                sync_timer.c.de5d06e8
                0x0000000000013c61                debug.c.ca9ef234
                0x0000000000013d6b                sendchar.c.0a1d98e1
                0x0000000000013df2                bootmagic_lite.c.848b24b8
                0x0000000000014658                magic.c.1cbe4cf9
                0x0000000000014a94                matrix_common.c.5b699c1c
                0x0000000000015483                matrix.c.dd4f2b87
                0x0000000000015eaa                sym_defer_g.c.9e942a08
                0x000000000001673c                main.c.185868fd
                0x00000000000167bb                mousekey.c.fccf778f
                0x0000000000018a7d                color.c.e692c3d2
                0x0000000000018c9c                rgblight.c.2c655fb0
                0x000000000001a3f0                process_rgb.c.70a901f7
                0x000000000001cd91                backlight.c.72abc0e4
                0x000000000001d6eb                process_backlight.c.b433347e
                0x000000000001fef1                backlight_driver_common.c.b8eb2561
                0x0000000000020718                backlight_avr.c.5ed96066
                0x0000000000020f88                ws2812.c.cdeb2970
                0x000000000002115f                led_tables.c.b1a5b273
                0x00000000000211ec                process_magic.c.0b05cc61
                0x00000000000239f2                send_string.c.7d084970
                0x00000000000261d8                process_grave_esc.c.b91be917
                0x0000000000028a36                process_space_cadet.c.a4fc169c
                0x000000000002b29b                printf.c.e47b89d1
                0x000000000002b362                host.c.8148d4e7
                0x000000000002b985                report.c.baab9aef
                0x000000000002dd89                usb_device_state.c.a1bd245f
                0x000000000002df08                usb_util.c.61a63659
                0x000000000002e6e9                suspend.c.1b7ea6ca
                0x000000000002e7ad                hardware_id.c.70b77ce0
                0x000000000002e89b                platform.c.7a5a25d2
                0x000000000002e910                suspend.c.6512eda5
                0x000000000002ee1b                timer.c.2e0bb606
                0x000000000002f024                dfu.c.8f466954
                0x000000000002f14e                lufa.c.2fdf764e
                0x0000000000030306                usb_descriptor.c.697a121e
                0x0000000000030c36                HIDParser.c.9894856c
                0x00000000000312ac                Device_AVR8.c.a30c6860
                0x0000000000031413                EndpointStream_AVR8.c.6cdb7be3
                0x0000000000031f2d                Endpoint_AVR8.c.70175d76
                0x0000000000032364                Host_AVR8.c.21d09be9
                0x00000000000323c1                PipeStream_AVR8.c.331d4271
                0x000000000003241e                Pipe_AVR8.c.b357979b
                0x000000000003247b                USBController_AVR8.c.7755cc61
                0x000000000003279f                USBInterrupt_AVR8.c.d64a2e75
                0x0000000000032b2f                ConfigDescriptors.c.1e160b66
                0x0000000000032e90                DeviceStandardReq.c.036b3f1e
                0x0000000000033433                Events.c.c80702f5
                0x00000000000334ea                HostStandardReq.c.d29b97ff
                0x0000000000033547                USBTask.c.9b9d1579
                0x000000000003373e                usb_util.c.fd111d3b
 .debug_info    0x0000000000033a77     0x8d09 C:\Users\Pyry\AppData\Local\Temp\ccI0OIRq.ltrans0.ltrans.o

.debug_abbrev   0x0000000000000000     0x6c3a
 *(.debug_abbrev)
 .debug_abbrev  0x0000000000000000      0x96a e:/qmk_msys/mingw64/bin/../lib/gcc/avr/8.5.0/../../../../avr/lib/avr5/crtatmega32u4.o
 .debug_abbrev  0x000000000000096a     0x5f7e C:\Users\Pyry\AppData\Local\Temp\cc4zQykbdebugobj
 .debug_abbrev  0x00000000000068e8      0x352 C:\Users\Pyry\AppData\Local\Temp\ccI0OIRq.ltrans0.ltrans.o

.debug_line     0x0000000000000000    0x12335
 *(.debug_line .debug_line.* .debug_line_end)
 .debug_line    0x0000000000000000       0x1d e:/qmk_msys/mingw64/bin/../lib/gcc/avr/8.5.0/../../../../avr/lib/avr5/crtatmega32u4.o
 .debug_line    0x000000000000001d     0x5501 C:\Users\Pyry\AppData\Local\Temp\cc4zQykbdebugobj
 .debug_line    0x000000000000551e     0xce17 C:\Users\Pyry\AppData\Local\Temp\ccI0OIRq.ltrans0.ltrans.o

.debug_frame    0x0000000000000000      0x9dc
 *(.debug_frame)
 .debug_frame   0x0000000000000000      0x9dc C:\Users\Pyry\AppData\Local\Temp\ccI0OIRq.ltrans0.ltrans.o

.debug_str      0x0000000000000000     0xa738
 *(.debug_str)
 .debug_str     0x0000000000000000      0x371 e:/qmk_msys/mingw64/bin/../lib/gcc/avr/8.5.0/../../../../avr/lib/avr5/crtatmega32u4.o
 .debug_str     0x0000000000000371     0xa2a1 C:\Users\Pyry\AppData\Local\Temp\cc4zQykbdebugobj
                                      0x4a2e4 (size before relaxing)
 .debug_str     0x000000000000a612      0x126 C:\Users\Pyry\AppData\Local\Temp\ccI0OIRq.ltrans0.ltrans.o
                                        0x14e (size before relaxing)

.debug_loc      0x0000000000000000     0x7f50
 *(.debug_loc)
 .debug_loc     0x0000000000000000     0x7f50 C:\Users\Pyry\AppData\Local\Temp\ccI0OIRq.ltrans0.ltrans.o

.debug_macinfo
 *(.debug_macinfo)

.debug_weaknames
 *(.debug_weaknames)

.debug_funcnames
 *(.debug_funcnames)

.debug_typenames
 *(.debug_typenames)

.debug_varnames
 *(.debug_varnames)

.debug_pubtypes
 *(.debug_pubtypes)

.debug_ranges   0x0000000000000000     0x1eb0
 *(.debug_ranges)
 .debug_ranges  0x0000000000000000     0x1eb0 C:\Users\Pyry\AppData\Local\Temp\ccI0OIRq.ltrans0.ltrans.o

.debug_addr
 *(.debug_addr)

.debug_line_str
 *(.debug_line_str)

.debug_loclists
 *(.debug_loclists)

.debug_macro
 *(.debug_macro)

.debug_names
 *(.debug_names)

.debug_rnglists
 *(.debug_rnglists)

.debug_str_offsets
 *(.debug_str_offsets)

.debug_sup
 *(.debug_sup)
OUTPUT(.build/hineybush_h88_default.elf elf32-avr)
LOAD linker stubs

Cross Reference Table

Symbol                                            File
CALLBACK_HIDParser_FilterHIDReportItem            .build/obj_hineybush_h88_default/lib/lufa/LUFA/Drivers/USB/Class/Common/HIDParser.o (symbol from plugin)
CALLBACK_USB_GetDescriptor                        .build/obj_hineybush_h88_default/lufa.o (symbol from plugin)
                                                  .build/obj_hineybush_h88_default/lib/lufa/LUFA/Drivers/USB/Core/DeviceStandardReq.o (symbol from plugin)
CIE1931_CURVE                                     .build/obj_hineybush_h88_default/quantum/led_tables.o (symbol from plugin)
                                                  .build/obj_hineybush_h88_default/quantum/color.o (symbol from plugin)
ConfigDescriptors.c.1e160b66                      C:\Users\Pyry\AppData\Local\Temp\cc4zQykbdebugobj
ConfigurationDescriptor                           .build/obj_hineybush_h88_default/usb_descriptor.o (symbol from plugin)
DeviceDescriptor                                  .build/obj_hineybush_h88_default/usb_descriptor.o (symbol from plugin)
DeviceStandardReq.c.036b3f1e                      C:\Users\Pyry\AppData\Local\Temp\cc4zQykbdebugobj
                                                  C:\Users\Pyry\AppData\Local\Temp\ccI0OIRq.ltrans0.ltrans.o
Device_AVR8.c.a30c6860                            C:\Users\Pyry\AppData\Local\Temp\cc4zQykbdebugobj
                                                  C:\Users\Pyry\AppData\Local\Temp\ccI0OIRq.ltrans0.ltrans.o
EVENT_USB_Device_ConfigurationChanged             .build/obj_hineybush_h88_default/lufa.o (symbol from plugin)
                                                  .build/obj_hineybush_h88_default/lib/lufa/LUFA/Drivers/USB/Core/DeviceStandardReq.o (symbol from plugin)
EVENT_USB_Device_Connect                          .build/obj_hineybush_h88_default/lufa.o (symbol from plugin)
                                                  .build/obj_hineybush_h88_default/lib/lufa/LUFA/Drivers/USB/Core/AVR8/USBInterrupt_AVR8.o (symbol from plugin)
EVENT_USB_Device_ControlRequest                   .build/obj_hineybush_h88_default/lufa.o (symbol from plugin)
                                                  .build/obj_hineybush_h88_default/lib/lufa/LUFA/Drivers/USB/Core/DeviceStandardReq.o (symbol from plugin)
EVENT_USB_Device_Disconnect                       .build/obj_hineybush_h88_default/lufa.o (symbol from plugin)
                                                  .build/obj_hineybush_h88_default/lib/lufa/LUFA/Drivers/USB/Core/AVR8/USBInterrupt_AVR8.o (symbol from plugin)
EVENT_USB_Device_Reset                            .build/obj_hineybush_h88_default/lufa.o (symbol from plugin)
                                                  .build/obj_hineybush_h88_default/lib/lufa/LUFA/Drivers/USB/Core/AVR8/USBInterrupt_AVR8.o (symbol from plugin)
EVENT_USB_Device_StartOfFrame                     .build/obj_hineybush_h88_default/lib/lufa/LUFA/Drivers/USB/Core/Events.o (symbol from plugin)
                                                  .build/obj_hineybush_h88_default/lib/lufa/LUFA/Drivers/USB/Core/AVR8/USBInterrupt_AVR8.o (symbol from plugin)
EVENT_USB_Device_Suspend                          .build/obj_hineybush_h88_default/lufa.o (symbol from plugin)
                                                  .build/obj_hineybush_h88_default/lib/lufa/LUFA/Drivers/USB/Core/AVR8/USBInterrupt_AVR8.o (symbol from plugin)
EVENT_USB_Device_WakeUp                           .build/obj_hineybush_h88_default/lufa.o (symbol from plugin)
                                                  .build/obj_hineybush_h88_default/lib/lufa/LUFA/Drivers/USB/Core/AVR8/USBInterrupt_AVR8.o (symbol from plugin)
EndpointStream_AVR8.c.6cdb7be3                    C:\Users\Pyry\AppData\Local\Temp\cc4zQykbdebugobj
                                                  C:\Users\Pyry\AppData\Local\Temp\ccI0OIRq.ltrans0.ltrans.o
Endpoint_AVR8.c.70175d76                          C:\Users\Pyry\AppData\Local\Temp\cc4zQykbdebugobj
                                                  C:\Users\Pyry\AppData\Local\Temp\ccI0OIRq.ltrans0.ltrans.o
Endpoint_ClearEndpoints                           .build/obj_hineybush_h88_default/lib/lufa/LUFA/Drivers/USB/Core/AVR8/Endpoint_AVR8.o (symbol from plugin)
Endpoint_ClearStatusStage                         .build/obj_hineybush_h88_default/lib/lufa/LUFA/Drivers/USB/Core/AVR8/Endpoint_AVR8.o (symbol from plugin)
                                                  .build/obj_hineybush_h88_default/lib/lufa/LUFA/Drivers/USB/Core/DeviceStandardReq.o (symbol from plugin)
                                                  .build/obj_hineybush_h88_default/lufa.o (symbol from plugin)
Endpoint_ConfigureEndpointTable                   .build/obj_hineybush_h88_default/lib/lufa/LUFA/Drivers/USB/Core/AVR8/Endpoint_AVR8.o (symbol from plugin)
Endpoint_ConfigureEndpoint_Prv                    .build/obj_hineybush_h88_default/lib/lufa/LUFA/Drivers/USB/Core/AVR8/Endpoint_AVR8.o (symbol from plugin)
                                                  .build/obj_hineybush_h88_default/lib/lufa/LUFA/Drivers/USB/Core/AVR8/USBInterrupt_AVR8.o (symbol from plugin)
                                                  .build/obj_hineybush_h88_default/lib/lufa/LUFA/Drivers/USB/Core/AVR8/USBController_AVR8.o (symbol from plugin)
                                                  .build/obj_hineybush_h88_default/lufa.o (symbol from plugin)
Endpoint_Discard_Stream                           .build/obj_hineybush_h88_default/lib/lufa/LUFA/Drivers/USB/Core/AVR8/EndpointStream_AVR8.o (symbol from plugin)
Endpoint_Null_Stream                              .build/obj_hineybush_h88_default/lib/lufa/LUFA/Drivers/USB/Core/AVR8/EndpointStream_AVR8.o (symbol from plugin)
Endpoint_Read_Control_EStream_BE                  .build/obj_hineybush_h88_default/lib/lufa/LUFA/Drivers/USB/Core/AVR8/EndpointStream_AVR8.o (symbol from plugin)
Endpoint_Read_Control_EStream_LE                  .build/obj_hineybush_h88_default/lib/lufa/LUFA/Drivers/USB/Core/AVR8/EndpointStream_AVR8.o (symbol from plugin)
Endpoint_Read_Control_Stream_BE                   .build/obj_hineybush_h88_default/lib/lufa/LUFA/Drivers/USB/Core/AVR8/EndpointStream_AVR8.o (symbol from plugin)
Endpoint_Read_Control_Stream_LE                   .build/obj_hineybush_h88_default/lib/lufa/LUFA/Drivers/USB/Core/AVR8/EndpointStream_AVR8.o (symbol from plugin)
Endpoint_Read_EStream_BE                          .build/obj_hineybush_h88_default/lib/lufa/LUFA/Drivers/USB/Core/AVR8/EndpointStream_AVR8.o (symbol from plugin)
Endpoint_Read_EStream_LE                          .build/obj_hineybush_h88_default/lib/lufa/LUFA/Drivers/USB/Core/AVR8/EndpointStream_AVR8.o (symbol from plugin)
Endpoint_Read_Stream_BE                           .build/obj_hineybush_h88_default/lib/lufa/LUFA/Drivers/USB/Core/AVR8/EndpointStream_AVR8.o (symbol from plugin)
Endpoint_Read_Stream_LE                           .build/obj_hineybush_h88_default/lib/lufa/LUFA/Drivers/USB/Core/AVR8/EndpointStream_AVR8.o (symbol from plugin)
Endpoint_WaitUntilReady                           .build/obj_hineybush_h88_default/lib/lufa/LUFA/Drivers/USB/Core/AVR8/Endpoint_AVR8.o (symbol from plugin)
                                                  .build/obj_hineybush_h88_default/lib/lufa/LUFA/Drivers/USB/Core/AVR8/EndpointStream_AVR8.o (symbol from plugin)
Endpoint_Write_Control_EStream_BE                 .build/obj_hineybush_h88_default/lib/lufa/LUFA/Drivers/USB/Core/AVR8/EndpointStream_AVR8.o (symbol from plugin)
Endpoint_Write_Control_EStream_LE                 .build/obj_hineybush_h88_default/lib/lufa/LUFA/Drivers/USB/Core/AVR8/EndpointStream_AVR8.o (symbol from plugin)
Endpoint_Write_Control_PStream_BE                 .build/obj_hineybush_h88_default/lib/lufa/LUFA/Drivers/USB/Core/AVR8/EndpointStream_AVR8.o (symbol from plugin)
Endpoint_Write_Control_PStream_LE                 .build/obj_hineybush_h88_default/lib/lufa/LUFA/Drivers/USB/Core/AVR8/EndpointStream_AVR8.o (symbol from plugin)
                                                  .build/obj_hineybush_h88_default/lib/lufa/LUFA/Drivers/USB/Core/DeviceStandardReq.o (symbol from plugin)
Endpoint_Write_Control_Stream_BE                  .build/obj_hineybush_h88_default/lib/lufa/LUFA/Drivers/USB/Core/AVR8/EndpointStream_AVR8.o (symbol from plugin)
Endpoint_Write_Control_Stream_LE                  .build/obj_hineybush_h88_default/lib/lufa/LUFA/Drivers/USB/Core/AVR8/EndpointStream_AVR8.o (symbol from plugin)
                                                  .build/obj_hineybush_h88_default/lib/lufa/LUFA/Drivers/USB/Core/DeviceStandardReq.o (symbol from plugin)
                                                  .build/obj_hineybush_h88_default/lufa.o (symbol from plugin)
Endpoint_Write_EStream_BE                         .build/obj_hineybush_h88_default/lib/lufa/LUFA/Drivers/USB/Core/AVR8/EndpointStream_AVR8.o (symbol from plugin)
Endpoint_Write_EStream_LE                         .build/obj_hineybush_h88_default/lib/lufa/LUFA/Drivers/USB/Core/AVR8/EndpointStream_AVR8.o (symbol from plugin)
Endpoint_Write_PStream_BE                         .build/obj_hineybush_h88_default/lib/lufa/LUFA/Drivers/USB/Core/AVR8/EndpointStream_AVR8.o (symbol from plugin)
Endpoint_Write_PStream_LE                         .build/obj_hineybush_h88_default/lib/lufa/LUFA/Drivers/USB/Core/AVR8/EndpointStream_AVR8.o (symbol from plugin)
Endpoint_Write_Stream_BE                          .build/obj_hineybush_h88_default/lib/lufa/LUFA/Drivers/USB/Core/AVR8/EndpointStream_AVR8.o (symbol from plugin)
Endpoint_Write_Stream_LE                          .build/obj_hineybush_h88_default/lib/lufa/LUFA/Drivers/USB/Core/AVR8/EndpointStream_AVR8.o (symbol from plugin)
                                                  .build/obj_hineybush_h88_default/lufa.o (symbol from plugin)
Events.c.c80702f5                                 C:\Users\Pyry\AppData\Local\Temp\cc4zQykbdebugobj
                                                  C:\Users\Pyry\AppData\Local\Temp\ccI0OIRq.ltrans0.ltrans.o
HIDParser.c.9894856c                              C:\Users\Pyry\AppData\Local\Temp\cc4zQykbdebugobj
HostStandardReq.c.d29b97ff                        C:\Users\Pyry\AppData\Local\Temp\cc4zQykbdebugobj
Host_AVR8.c.21d09be9                              C:\Users\Pyry\AppData\Local\Temp\cc4zQykbdebugobj
KeyboardReport                                    .build/obj_hineybush_h88_default/usb_descriptor.o (symbol from plugin)
LanguageString                                    .build/obj_hineybush_h88_default/usb_descriptor.o (symbol from plugin)
ManufacturerString                                .build/obj_hineybush_h88_default/usb_descriptor.o (symbol from plugin)
PipeStream_AVR8.c.331d4271                        C:\Users\Pyry\AppData\Local\Temp\cc4zQykbdebugobj
Pipe_AVR8.c.b357979b                              C:\Users\Pyry\AppData\Local\Temp\cc4zQykbdebugobj
ProductString                                     .build/obj_hineybush_h88_default/usb_descriptor.o (symbol from plugin)
RGBLED_BREATHING_INTERVALS                        .build/obj_hineybush_h88_default/quantum/rgblight/rgblight.o (symbol from plugin)
RGBLED_GRADIENT_RANGES                            .build/obj_hineybush_h88_default/quantum/rgblight/rgblight.o (symbol from plugin)
RGBLED_KNIGHT_INTERVALS                           .build/obj_hineybush_h88_default/quantum/rgblight/rgblight.o (symbol from plugin)
RGBLED_RAINBOW_MOOD_INTERVALS                     .build/obj_hineybush_h88_default/quantum/rgblight/rgblight.o (symbol from plugin)
RGBLED_RAINBOW_SWIRL_INTERVALS                    .build/obj_hineybush_h88_default/quantum/rgblight/rgblight.o (symbol from plugin)
RGBLED_RGBTEST_INTERVALS                          .build/obj_hineybush_h88_default/quantum/rgblight/rgblight.o (symbol from plugin)
RGBLED_SNAKE_INTERVALS                            .build/obj_hineybush_h88_default/quantum/rgblight/rgblight.o (symbol from plugin)
RGBLED_TWINKLE_INTERVALS                          .build/obj_hineybush_h88_default/quantum/rgblight/rgblight.o (symbol from plugin)
SharedReport                                      .build/obj_hineybush_h88_default/usb_descriptor.o (symbol from plugin)
USBController_AVR8.c.7755cc61                     C:\Users\Pyry\AppData\Local\Temp\cc4zQykbdebugobj
                                                  C:\Users\Pyry\AppData\Local\Temp\ccI0OIRq.ltrans0.ltrans.o
USBInterrupt_AVR8.c.d64a2e75                      C:\Users\Pyry\AppData\Local\Temp\cc4zQykbdebugobj
                                                  C:\Users\Pyry\AppData\Local\Temp\ccI0OIRq.ltrans0.ltrans.o
USBTask.c.9b9d1579                                C:\Users\Pyry\AppData\Local\Temp\cc4zQykbdebugobj
                                                  C:\Users\Pyry\AppData\Local\Temp\ccI0OIRq.ltrans0.ltrans.o
USB_ControlRequest                                .build/obj_hineybush_h88_default/lib/lufa/LUFA/Drivers/USB/Core/USBTask.o (symbol from plugin)
                                                  .build/obj_hineybush_h88_default/lib/lufa/LUFA/Drivers/USB/Core/DeviceStandardReq.o (symbol from plugin)
                                                  .build/obj_hineybush_h88_default/lib/lufa/LUFA/Drivers/USB/Core/AVR8/Endpoint_AVR8.o (symbol from plugin)
                                                  .build/obj_hineybush_h88_default/lib/lufa/LUFA/Drivers/USB/Core/AVR8/EndpointStream_AVR8.o (symbol from plugin)
                                                  .build/obj_hineybush_h88_default/lufa.o (symbol from plugin)
USB_DeviceState                                   .build/obj_hineybush_h88_default/lib/lufa/LUFA/Drivers/USB/Core/USBTask.o (symbol from plugin)
                                                  .build/obj_hineybush_h88_default/protocol/lufa/usb_util.o (symbol from plugin)
                                                  .build/obj_hineybush_h88_default/lib/lufa/LUFA/Drivers/USB/Core/DeviceStandardReq.o (symbol from plugin)
                                                  .build/obj_hineybush_h88_default/lib/lufa/LUFA/Drivers/USB/Core/AVR8/USBInterrupt_AVR8.o (symbol from plugin)
                                                  .build/obj_hineybush_h88_default/lib/lufa/LUFA/Drivers/USB/Core/AVR8/USBController_AVR8.o (symbol from plugin)
                                                  .build/obj_hineybush_h88_default/lib/lufa/LUFA/Drivers/USB/Core/AVR8/Endpoint_AVR8.o (symbol from plugin)
                                                  .build/obj_hineybush_h88_default/lib/lufa/LUFA/Drivers/USB/Core/AVR8/EndpointStream_AVR8.o (symbol from plugin)
                                                  .build/obj_hineybush_h88_default/lufa.o (symbol from plugin)
                                                  .build/obj_hineybush_h88_default/platforms/avr/suspend.o (symbol from plugin)
USB_Device_ConfigurationNumber                    .build/obj_hineybush_h88_default/lib/lufa/LUFA/Drivers/USB/Core/DeviceStandardReq.o (symbol from plugin)
                                                  .build/obj_hineybush_h88_default/lib/lufa/LUFA/Drivers/USB/Core/AVR8/USBInterrupt_AVR8.o (symbol from plugin)
                                                  .build/obj_hineybush_h88_default/lib/lufa/LUFA/Drivers/USB/Core/AVR8/USBController_AVR8.o (symbol from plugin)
                                                  .build/obj_hineybush_h88_default/lufa.o (symbol from plugin)
USB_Device_CurrentlySelfPowered                   .build/obj_hineybush_h88_default/lib/lufa/LUFA/Drivers/USB/Core/DeviceStandardReq.o (symbol from plugin)
                                                  .build/obj_hineybush_h88_default/lib/lufa/LUFA/Drivers/USB/Core/AVR8/USBController_AVR8.o (symbol from plugin)
USB_Device_ProcessControlRequest                  .build/obj_hineybush_h88_default/lib/lufa/LUFA/Drivers/USB/Core/DeviceStandardReq.o (symbol from plugin)
                                                  .build/obj_hineybush_h88_default/lib/lufa/LUFA/Drivers/USB/Core/USBTask.o (symbol from plugin)
                                                  .build/obj_hineybush_h88_default/lib/lufa/LUFA/Drivers/USB/Core/AVR8/USBInterrupt_AVR8.o (symbol from plugin)
USB_Device_RemoteWakeupEnabled                    .build/obj_hineybush_h88_default/lib/lufa/LUFA/Drivers/USB/Core/DeviceStandardReq.o (symbol from plugin)
                                                  .build/obj_hineybush_h88_default/lib/lufa/LUFA/Drivers/USB/Core/AVR8/USBController_AVR8.o (symbol from plugin)
                                                  .build/obj_hineybush_h88_default/lufa.o (symbol from plugin)
USB_Device_SendRemoteWakeup                       .build/obj_hineybush_h88_default/lib/lufa/LUFA/Drivers/USB/Core/AVR8/Device_AVR8.o (symbol from plugin)
                                                  .build/obj_hineybush_h88_default/lufa.o (symbol from plugin)
USB_Disable                                       .build/obj_hineybush_h88_default/lib/lufa/LUFA/Drivers/USB/Core/AVR8/USBController_AVR8.o (symbol from plugin)
                                                  .build/obj_hineybush_h88_default/protocol/lufa/usb_util.o (symbol from plugin)
                                                  .build/obj_hineybush_h88_default/lufa.o (symbol from plugin)
USB_Event_Stub                                    .build/obj_hineybush_h88_default/lib/lufa/LUFA/Drivers/USB/Core/Events.o (symbol from plugin)
USB_Event_Stub_2                                  .build/obj_hineybush_h88_default/lib/lufa/LUFA/Drivers/USB/Core/Events.o (symbol from plugin)
USB_Event_Stub_3                                  .build/obj_hineybush_h88_default/lib/lufa/LUFA/Drivers/USB/Core/Events.o (symbol from plugin)
USB_GetHIDReportItemInfo                          .build/obj_hineybush_h88_default/lib/lufa/LUFA/Drivers/USB/Class/Common/HIDParser.o (symbol from plugin)
USB_GetHIDReportSize                              .build/obj_hineybush_h88_default/lib/lufa/LUFA/Drivers/USB/Class/Common/HIDParser.o (symbol from plugin)
USB_GetNextDescriptorComp                         .build/obj_hineybush_h88_default/lib/lufa/LUFA/Drivers/USB/Core/ConfigDescriptors.o (symbol from plugin)
USB_GetNextDescriptorOfType                       .build/obj_hineybush_h88_default/lib/lufa/LUFA/Drivers/USB/Core/ConfigDescriptors.o (symbol from plugin)
USB_GetNextDescriptorOfTypeAfter                  .build/obj_hineybush_h88_default/lib/lufa/LUFA/Drivers/USB/Core/ConfigDescriptors.o (symbol from plugin)
USB_GetNextDescriptorOfTypeBefore                 .build/obj_hineybush_h88_default/lib/lufa/LUFA/Drivers/USB/Core/ConfigDescriptors.o (symbol from plugin)
USB_INT_ClearAllInterrupts                        .build/obj_hineybush_h88_default/lib/lufa/LUFA/Drivers/USB/Core/AVR8/USBInterrupt_AVR8.o (symbol from plugin)
                                                  .build/obj_hineybush_h88_default/lib/lufa/LUFA/Drivers/USB/Core/AVR8/USBController_AVR8.o (symbol from plugin)
USB_INT_DisableAllInterrupts                      .build/obj_hineybush_h88_default/lib/lufa/LUFA/Drivers/USB/Core/AVR8/USBInterrupt_AVR8.o (symbol from plugin)
                                                  .build/obj_hineybush_h88_default/lib/lufa/LUFA/Drivers/USB/Core/AVR8/USBController_AVR8.o (symbol from plugin)
USB_Init                                          .build/obj_hineybush_h88_default/lib/lufa/LUFA/Drivers/USB/Core/AVR8/USBController_AVR8.o (symbol from plugin)
                                                  .build/obj_hineybush_h88_default/lufa.o (symbol from plugin)
USB_IsInitialized                                 .build/obj_hineybush_h88_default/lib/lufa/LUFA/Drivers/USB/Core/USBTask.o (symbol from plugin)
                                                  .build/obj_hineybush_h88_default/lib/lufa/LUFA/Drivers/USB/Core/AVR8/USBController_AVR8.o (symbol from plugin)
                                                  .build/obj_hineybush_h88_default/lufa.o (symbol from plugin)
USB_ProcessHIDReport                              .build/obj_hineybush_h88_default/lib/lufa/LUFA/Drivers/USB/Class/Common/HIDParser.o (symbol from plugin)
USB_ResetInterface                                .build/obj_hineybush_h88_default/lib/lufa/LUFA/Drivers/USB/Core/AVR8/USBController_AVR8.o (symbol from plugin)
USB_SetHIDReportItemInfo                          .build/obj_hineybush_h88_default/lib/lufa/LUFA/Drivers/USB/Class/Common/HIDParser.o (symbol from plugin)
USB_USBTask                                       .build/obj_hineybush_h88_default/lib/lufa/LUFA/Drivers/USB/Core/USBTask.o (symbol from plugin)
                                                  .build/obj_hineybush_h88_default/lufa.o (symbol from plugin)
__FUSE_REGION_LENGTH__                            e:/qmk_msys/mingw64/bin/../lib/gcc/avr/8.5.0/../../../../avr/lib/avr5/crtatmega32u4.o
__bad_interrupt                                   e:/qmk_msys/mingw64/bin/../lib/gcc/avr/8.5.0/../../../../avr/lib/avr5/crtatmega32u4.o
__bss_end                                         e:/qmk_msys/mingw64/bin/../lib/gcc/avr/8.5.0/avr5\libgcc.a(_clear_bss.o)
__bss_start                                       e:/qmk_msys/mingw64/bin/../lib/gcc/avr/8.5.0/avr5\libgcc.a(_clear_bss.o)
__data_end                                        e:/qmk_msys/mingw64/bin/../lib/gcc/avr/8.5.0/avr5\libgcc.a(_copy_data.o)
__data_load_start                                 e:/qmk_msys/mingw64/bin/../lib/gcc/avr/8.5.0/avr5\libgcc.a(_copy_data.o)
__data_start                                      e:/qmk_msys/mingw64/bin/../lib/gcc/avr/8.5.0/avr5\libgcc.a(_copy_data.o)
__divmodhi4                                       e:/qmk_msys/mingw64/bin/../lib/gcc/avr/8.5.0/avr5\libgcc.a(_divmodhi4.o)
                                                  C:\Users\Pyry\AppData\Local\Temp\ccI0OIRq.ltrans0.ltrans.o
__divmodqi4                                       e:/qmk_msys/mingw64/bin/../lib/gcc/avr/8.5.0/avr5\libgcc.a(_divmodqi4.o)
                                                  C:\Users\Pyry\AppData\Local\Temp\ccI0OIRq.ltrans0.ltrans.o
__divmodsi4                                       e:/qmk_msys/mingw64/bin/../lib/gcc/avr/8.5.0/avr5\libgcc.a(_divmodsi4.o)
                                                  e:/qmk_msys/mingw64/bin/../lib/gcc/avr/8.5.0/../../../../avr/lib/avr5\libc.a(rand.o)
__do_clear_bss                                    e:/qmk_msys/mingw64/bin/../lib/gcc/avr/8.5.0/avr5\libgcc.a(_clear_bss.o)
                                                  C:\Users\Pyry\AppData\Local\Temp\ccI0OIRq.ltrans0.ltrans.o
__do_copy_data                                    e:/qmk_msys/mingw64/bin/../lib/gcc/avr/8.5.0/avr5\libgcc.a(_copy_data.o)
                                                  C:\Users\Pyry\AppData\Local\Temp\ccI0OIRq.ltrans0.ltrans.o
                                                  e:/qmk_msys/mingw64/bin/../lib/gcc/avr/8.5.0/../../../../avr/lib/avr5\libc.a(rand.o)
__epilogue_restores__                             e:/qmk_msys/mingw64/bin/../lib/gcc/avr/8.5.0/avr5\libgcc.a(_epilogue.o)
                                                  C:\Users\Pyry\AppData\Local\Temp\ccI0OIRq.ltrans0.ltrans.o
__heap_end                                        e:/qmk_msys/mingw64/bin/../lib/gcc/avr/8.5.0/../../../../avr/lib/avr5/crtatmega32u4.o
__init                                            e:/qmk_msys/mingw64/bin/../lib/gcc/avr/8.5.0/../../../../avr/lib/avr5/crtatmega32u4.o
__mulhisi3                                        e:/qmk_msys/mingw64/bin/../lib/gcc/avr/8.5.0/avr5\libgcc.a(_mulhisi3.o)
                                                  C:\Users\Pyry\AppData\Local\Temp\ccI0OIRq.ltrans0.ltrans.o
__mulohisi3                                       e:/qmk_msys/mingw64/bin/../lib/gcc/avr/8.5.0/avr5\libgcc.a(_mulshisi3.o)
                                                  e:/qmk_msys/mingw64/bin/../lib/gcc/avr/8.5.0/../../../../avr/lib/avr5\libc.a(rand.o)
__mulshisi3                                       e:/qmk_msys/mingw64/bin/../lib/gcc/avr/8.5.0/avr5\libgcc.a(_mulshisi3.o)
                                                  C:\Users\Pyry\AppData\Local\Temp\ccI0OIRq.ltrans0.ltrans.o
__mulsi3                                          e:/qmk_msys/mingw64/bin/../lib/gcc/avr/8.5.0/avr5\libgcc.a(_mulsi3.o)
                                                  C:\Users\Pyry\AppData\Local\Temp\ccI0OIRq.ltrans0.ltrans.o
__muluhisi3                                       e:/qmk_msys/mingw64/bin/../lib/gcc/avr/8.5.0/avr5\libgcc.a(_muluhisi3.o)
                                                  e:/qmk_msys/mingw64/bin/../lib/gcc/avr/8.5.0/avr5\libgcc.a(_mulsi3.o)
                                                  C:\Users\Pyry\AppData\Local\Temp\ccI0OIRq.ltrans0.ltrans.o
                                                  e:/qmk_msys/mingw64/bin/../lib/gcc/avr/8.5.0/avr5\libgcc.a(_mulshisi3.o)
                                                  e:/qmk_msys/mingw64/bin/../lib/gcc/avr/8.5.0/../../../../avr/lib/avr5\libc.a(rand.o)
__negsi2                                          e:/qmk_msys/mingw64/bin/../lib/gcc/avr/8.5.0/avr5\libgcc.a(_negsi2.o)
                                                  e:/qmk_msys/mingw64/bin/../lib/gcc/avr/8.5.0/avr5\libgcc.a(_divmodsi4.o)
__prologue_saves__                                e:/qmk_msys/mingw64/bin/../lib/gcc/avr/8.5.0/avr5\libgcc.a(_prologue.o)
                                                  C:\Users\Pyry\AppData\Local\Temp\ccI0OIRq.ltrans0.ltrans.o
__stack                                           e:/qmk_msys/mingw64/bin/../lib/gcc/avr/8.5.0/../../../../avr/lib/avr5/crtatmega32u4.o
__tablejump2__                                    e:/qmk_msys/mingw64/bin/../lib/gcc/avr/8.5.0/avr5\libgcc.a(_tablejump2.o)
                                                  C:\Users\Pyry\AppData\Local\Temp\ccI0OIRq.ltrans0.ltrans.o
__udivmodhi4                                      e:/qmk_msys/mingw64/bin/../lib/gcc/avr/8.5.0/avr5\libgcc.a(_udivmodhi4.o)
                                                  e:/qmk_msys/mingw64/bin/../lib/gcc/avr/8.5.0/avr5\libgcc.a(_divmodhi4.o)
                                                  C:\Users\Pyry\AppData\Local\Temp\ccI0OIRq.ltrans0.ltrans.o
__udivmodqi4                                      e:/qmk_msys/mingw64/bin/../lib/gcc/avr/8.5.0/avr5\libgcc.a(_udivmodqi4.o)
                                                  e:/qmk_msys/mingw64/bin/../lib/gcc/avr/8.5.0/avr5\libgcc.a(_divmodqi4.o)
                                                  C:\Users\Pyry\AppData\Local\Temp\ccI0OIRq.ltrans0.ltrans.o
__udivmodsi4                                      e:/qmk_msys/mingw64/bin/../lib/gcc/avr/8.5.0/avr5\libgcc.a(_udivmodsi4.o)
                                                  C:\Users\Pyry\AppData\Local\Temp\ccI0OIRq.ltrans0.ltrans.o
                                                  e:/qmk_msys/mingw64/bin/../lib/gcc/avr/8.5.0/avr5\libgcc.a(_divmodsi4.o)
__umulhisi3                                       e:/qmk_msys/mingw64/bin/../lib/gcc/avr/8.5.0/avr5\libgcc.a(_umulhisi3.o)
                                                  e:/qmk_msys/mingw64/bin/../lib/gcc/avr/8.5.0/avr5\libgcc.a(_usmulhisi3.o)
                                                  e:/qmk_msys/mingw64/bin/../lib/gcc/avr/8.5.0/avr5\libgcc.a(_mulhisi3.o)
                                                  C:\Users\Pyry\AppData\Local\Temp\ccI0OIRq.ltrans0.ltrans.o
                                                  e:/qmk_msys/mingw64/bin/../lib/gcc/avr/8.5.0/avr5\libgcc.a(_muluhisi3.o)
__usmulhisi3                                      e:/qmk_msys/mingw64/bin/../lib/gcc/avr/8.5.0/avr5\libgcc.a(_usmulhisi3.o)
__usmulhisi3_tail                                 e:/qmk_msys/mingw64/bin/../lib/gcc/avr/8.5.0/avr5\libgcc.a(_usmulhisi3.o)
                                                  e:/qmk_msys/mingw64/bin/../lib/gcc/avr/8.5.0/avr5\libgcc.a(_mulhisi3.o)
__vector_1                                        e:/qmk_msys/mingw64/bin/../lib/gcc/avr/8.5.0/../../../../avr/lib/avr5/crtatmega32u4.o
__vector_10                                       C:\Users\Pyry\AppData\Local\Temp\ccI0OIRq.ltrans0.ltrans.o
                                                  .build/obj_hineybush_h88_default/lib/lufa/LUFA/Drivers/USB/Core/AVR8/USBInterrupt_AVR8.o (symbol from plugin)
                                                  e:/qmk_msys/mingw64/bin/../lib/gcc/avr/8.5.0/../../../../avr/lib/avr5/crtatmega32u4.o
__vector_11                                       C:\Users\Pyry\AppData\Local\Temp\ccI0OIRq.ltrans0.ltrans.o
                                                  .build/obj_hineybush_h88_default/lib/lufa/LUFA/Drivers/USB/Core/AVR8/USBInterrupt_AVR8.o (symbol from plugin)
                                                  e:/qmk_msys/mingw64/bin/../lib/gcc/avr/8.5.0/../../../../avr/lib/avr5/crtatmega32u4.o
__vector_12                                       C:\Users\Pyry\AppData\Local\Temp\ccI0OIRq.ltrans0.ltrans.o
                                                  .build/obj_hineybush_h88_default/platforms/avr/suspend.o (symbol from plugin)
                                                  e:/qmk_msys/mingw64/bin/../lib/gcc/avr/8.5.0/../../../../avr/lib/avr5/crtatmega32u4.o
__vector_13                                       e:/qmk_msys/mingw64/bin/../lib/gcc/avr/8.5.0/../../../../avr/lib/avr5/crtatmega32u4.o
__vector_14                                       e:/qmk_msys/mingw64/bin/../lib/gcc/avr/8.5.0/../../../../avr/lib/avr5/crtatmega32u4.o
__vector_15                                       e:/qmk_msys/mingw64/bin/../lib/gcc/avr/8.5.0/../../../../avr/lib/avr5/crtatmega32u4.o
__vector_16                                       e:/qmk_msys/mingw64/bin/../lib/gcc/avr/8.5.0/../../../../avr/lib/avr5/crtatmega32u4.o
__vector_17                                       C:\Users\Pyry\AppData\Local\Temp\ccI0OIRq.ltrans0.ltrans.o
                                                  .build/obj_hineybush_h88_default/quantum/backlight/backlight_avr.o (symbol from plugin)
                                                  e:/qmk_msys/mingw64/bin/../lib/gcc/avr/8.5.0/../../../../avr/lib/avr5/crtatmega32u4.o
__vector_18                                       e:/qmk_msys/mingw64/bin/../lib/gcc/avr/8.5.0/../../../../avr/lib/avr5/crtatmega32u4.o
__vector_19                                       e:/qmk_msys/mingw64/bin/../lib/gcc/avr/8.5.0/../../../../avr/lib/avr5/crtatmega32u4.o
__vector_2                                        e:/qmk_msys/mingw64/bin/../lib/gcc/avr/8.5.0/../../../../avr/lib/avr5/crtatmega32u4.o
__vector_20                                       C:\Users\Pyry\AppData\Local\Temp\ccI0OIRq.ltrans0.ltrans.o
                                                  .build/obj_hineybush_h88_default/quantum/backlight/backlight_avr.o (symbol from plugin)
                                                  e:/qmk_msys/mingw64/bin/../lib/gcc/avr/8.5.0/../../../../avr/lib/avr5/crtatmega32u4.o
__vector_21                                       C:\Users\Pyry\AppData\Local\Temp\ccI0OIRq.ltrans0.ltrans.o
                                                  .build/obj_hineybush_h88_default/platforms/avr/timer.o (symbol from plugin)
                                                  e:/qmk_msys/mingw64/bin/../lib/gcc/avr/8.5.0/../../../../avr/lib/avr5/crtatmega32u4.o
__vector_22                                       e:/qmk_msys/mingw64/bin/../lib/gcc/avr/8.5.0/../../../../avr/lib/avr5/crtatmega32u4.o
__vector_23                                       e:/qmk_msys/mingw64/bin/../lib/gcc/avr/8.5.0/../../../../avr/lib/avr5/crtatmega32u4.o
__vector_24                                       e:/qmk_msys/mingw64/bin/../lib/gcc/avr/8.5.0/../../../../avr/lib/avr5/crtatmega32u4.o
__vector_25                                       e:/qmk_msys/mingw64/bin/../lib/gcc/avr/8.5.0/../../../../avr/lib/avr5/crtatmega32u4.o
__vector_26                                       e:/qmk_msys/mingw64/bin/../lib/gcc/avr/8.5.0/../../../../avr/lib/avr5/crtatmega32u4.o
__vector_27                                       e:/qmk_msys/mingw64/bin/../lib/gcc/avr/8.5.0/../../../../avr/lib/avr5/crtatmega32u4.o
__vector_28                                       e:/qmk_msys/mingw64/bin/../lib/gcc/avr/8.5.0/../../../../avr/lib/avr5/crtatmega32u4.o
__vector_29                                       e:/qmk_msys/mingw64/bin/../lib/gcc/avr/8.5.0/../../../../avr/lib/avr5/crtatmega32u4.o
__vector_3                                        e:/qmk_msys/mingw64/bin/../lib/gcc/avr/8.5.0/../../../../avr/lib/avr5/crtatmega32u4.o
__vector_30                                       e:/qmk_msys/mingw64/bin/../lib/gcc/avr/8.5.0/../../../../avr/lib/avr5/crtatmega32u4.o
__vector_31                                       e:/qmk_msys/mingw64/bin/../lib/gcc/avr/8.5.0/../../../../avr/lib/avr5/crtatmega32u4.o
__vector_32                                       e:/qmk_msys/mingw64/bin/../lib/gcc/avr/8.5.0/../../../../avr/lib/avr5/crtatmega32u4.o
__vector_33                                       e:/qmk_msys/mingw64/bin/../lib/gcc/avr/8.5.0/../../../../avr/lib/avr5/crtatmega32u4.o
__vector_34                                       e:/qmk_msys/mingw64/bin/../lib/gcc/avr/8.5.0/../../../../avr/lib/avr5/crtatmega32u4.o
__vector_35                                       e:/qmk_msys/mingw64/bin/../lib/gcc/avr/8.5.0/../../../../avr/lib/avr5/crtatmega32u4.o
__vector_36                                       e:/qmk_msys/mingw64/bin/../lib/gcc/avr/8.5.0/../../../../avr/lib/avr5/crtatmega32u4.o
__vector_37                                       e:/qmk_msys/mingw64/bin/../lib/gcc/avr/8.5.0/../../../../avr/lib/avr5/crtatmega32u4.o
__vector_38                                       e:/qmk_msys/mingw64/bin/../lib/gcc/avr/8.5.0/../../../../avr/lib/avr5/crtatmega32u4.o
__vector_39                                       e:/qmk_msys/mingw64/bin/../lib/gcc/avr/8.5.0/../../../../avr/lib/avr5/crtatmega32u4.o
__vector_4                                        e:/qmk_msys/mingw64/bin/../lib/gcc/avr/8.5.0/../../../../avr/lib/avr5/crtatmega32u4.o
__vector_40                                       e:/qmk_msys/mingw64/bin/../lib/gcc/avr/8.5.0/../../../../avr/lib/avr5/crtatmega32u4.o
__vector_41                                       e:/qmk_msys/mingw64/bin/../lib/gcc/avr/8.5.0/../../../../avr/lib/avr5/crtatmega32u4.o
__vector_42                                       e:/qmk_msys/mingw64/bin/../lib/gcc/avr/8.5.0/../../../../avr/lib/avr5/crtatmega32u4.o
__vector_5                                        e:/qmk_msys/mingw64/bin/../lib/gcc/avr/8.5.0/../../../../avr/lib/avr5/crtatmega32u4.o
__vector_6                                        e:/qmk_msys/mingw64/bin/../lib/gcc/avr/8.5.0/../../../../avr/lib/avr5/crtatmega32u4.o
__vector_7                                        e:/qmk_msys/mingw64/bin/../lib/gcc/avr/8.5.0/../../../../avr/lib/avr5/crtatmega32u4.o
__vector_8                                        e:/qmk_msys/mingw64/bin/../lib/gcc/avr/8.5.0/../../../../avr/lib/avr5/crtatmega32u4.o
__vector_9                                        e:/qmk_msys/mingw64/bin/../lib/gcc/avr/8.5.0/../../../../avr/lib/avr5/crtatmega32u4.o
__vector_default                                  e:/qmk_msys/mingw64/bin/../lib/gcc/avr/8.5.0/../../../../avr/lib/avr5/crtatmega32u4.o
__vectors                                         e:/qmk_msys/mingw64/bin/../lib/gcc/avr/8.5.0/../../../../avr/lib/avr5/crtatmega32u4.o
__xprintf                                         .build/obj_hineybush_h88_default/platforms/avr/xprintf.o
_div                                              e:/qmk_msys/mingw64/bin/../lib/gcc/avr/8.5.0/avr5\libgcc.a(_divmodhi4.o)
_exit                                             e:/qmk_msys/mingw64/bin/../lib/gcc/avr/8.5.0/avr5\libgcc.a(_exit.o)
action.c.a63e6cc3                                 C:\Users\Pyry\AppData\Local\Temp\cc4zQykbdebugobj
                                                  C:\Users\Pyry\AppData\Local\Temp\ccI0OIRq.ltrans0.ltrans.o
action_exec                                       .build/obj_hineybush_h88_default/quantum/action.o (symbol from plugin)
                                                  .build/obj_hineybush_h88_default/quantum/keyboard.o (symbol from plugin)
action_for_key                                    .build/obj_hineybush_h88_default/quantum/keymap_common.o (symbol from plugin)
                                                  .build/obj_hineybush_h88_default/quantum/action_layer.o (symbol from plugin)
action_for_keycode                                .build/obj_hineybush_h88_default/quantum/keymap_common.o (symbol from plugin)
action_layer.c.56fb0148                           C:\Users\Pyry\AppData\Local\Temp\cc4zQykbdebugobj
                                                  C:\Users\Pyry\AppData\Local\Temp\ccI0OIRq.ltrans0.ltrans.o
action_tapping.c.d11cc1da                         C:\Users\Pyry\AppData\Local\Temp\cc4zQykbdebugobj
                                                  C:\Users\Pyry\AppData\Local\Temp\ccI0OIRq.ltrans0.ltrans.o
action_tapping_process                            .build/obj_hineybush_h88_default/quantum/action_tapping.o (symbol from plugin)
                                                  .build/obj_hineybush_h88_default/quantum/action.o (symbol from plugin)
action_util.c.d802a749                            C:\Users\Pyry\AppData\Local\Temp\cc4zQykbdebugobj
                                                  C:\Users\Pyry\AppData\Local\Temp\ccI0OIRq.ltrans0.ltrans.o
add_key                                           .build/obj_hineybush_h88_default/quantum/action_util.o (symbol from plugin)
                                                  .build/obj_hineybush_h88_default/quantum/process_keycode/process_grave_esc.o (symbol from plugin)
                                                  .build/obj_hineybush_h88_default/quantum/action.o (symbol from plugin)
add_key_byte                                      .build/obj_hineybush_h88_default/protocol/report.o (symbol from plugin)
add_key_to_report                                 .build/obj_hineybush_h88_default/protocol/report.o (symbol from plugin)
                                                  .build/obj_hineybush_h88_default/quantum/process_keycode/process_grave_esc.o (symbol from plugin)
                                                  .build/obj_hineybush_h88_default/quantum/action_util.o (symbol from plugin)
                                                  .build/obj_hineybush_h88_default/quantum/action.o (symbol from plugin)
add_mods                                          .build/obj_hineybush_h88_default/quantum/action_util.o (symbol from plugin)
                                                  .build/obj_hineybush_h88_default/quantum/action.o (symbol from plugin)
add_oneshot_mods                                  .build/obj_hineybush_h88_default/quantum/action_util.o (symbol from plugin)
add_weak_mods                                     .build/obj_hineybush_h88_default/quantum/action_util.o (symbol from plugin)
                                                  .build/obj_hineybush_h88_default/quantum/action.o (symbol from plugin)
animation_status                                  .build/obj_hineybush_h88_default/quantum/rgblight/rgblight.o (symbol from plugin)
ascii_to_altgr_lut                                .build/obj_hineybush_h88_default/quantum/send_string/send_string.o (symbol from plugin)
ascii_to_dead_lut                                 .build/obj_hineybush_h88_default/quantum/send_string/send_string.o (symbol from plugin)
ascii_to_keycode_lut                              .build/obj_hineybush_h88_default/quantum/send_string/send_string.o (symbol from plugin)
ascii_to_shift_lut                                .build/obj_hineybush_h88_default/quantum/send_string/send_string.o (symbol from plugin)
backlight.c.72abc0e4                              C:\Users\Pyry\AppData\Local\Temp\cc4zQykbdebugobj